00:00 +0: loading C:/Users/Ebisu/Desktop/FP/Proyectos/Myndex/Myndex/test/core/security/input_sanitizer_test.dart
00:00 +0: C:/Users/Ebisu/Desktop/FP/Proyectos/Myndex/Myndex/test/core/security/input_sanitizer_test.dart: InputSanitizer.sanitizeTitle trim leading/trailing whitespace
00:00 +1: C:/Users/Ebisu/Desktop/FP/Proyectos/Myndex/Myndex/test/core/security/input_sanitizer_test.dart: InputSanitizer.sanitizeTitle collapse multiple spaces to one
00:00 +2: C:/Users/Ebisu/Desktop/FP/Proyectos/Myndex/Myndex/test/core/security/input_sanitizer_test.dart: InputSanitizer.sanitizeTitle collapse tabs and newlines to single space
00:00 +3: C:/Users/Ebisu/Desktop/FP/Proyectos/Myndex/Myndex/test/core/security/input_sanitizer_test.dart: InputSanitizer.sanitizeTitle throw FormatException on empty input
00:00 +4: C:/Users/Ebisu/Desktop/FP/Proyectos/Myndex/Myndex/test/core/security/input_sanitizer_test.dart: InputSanitizer.sanitizeTitle throw FormatException on whitespace-only input
00:00 +5: C:/Users/Ebisu/Desktop/FP/Proyectos/Myndex/Myndex/test/core/security/input_sanitizer_test.dart: InputSanitizer.sanitizeTitle truncate at maxTitleLength
00:00 +6: C:/Users/Ebisu/Desktop/FP/Proyectos/Myndex/Myndex/test/core/security/input_sanitizer_test.dart: InputSanitizer.sanitizeTitle preserve valid title unchanged
00:00 +7: C:/Users/Ebisu/Desktop/FP/Proyectos/Myndex/Myndex/test/core/security/input_sanitizer_test.dart: InputSanitizer.sanitizeNotes return null for null input
00:00 +8: C:/Users/Ebisu/Desktop/FP/Proyectos/Myndex/Myndex/test/core/security/input_sanitizer_test.dart: InputSanitizer.sanitizeNotes return null for empty string
00:00 +9: C:/Users/Ebisu/Desktop/FP/Proyectos/Myndex/Myndex/test/core/security/input_sanitizer_test.dart: InputSanitizer.sanitizeNotes return null for whitespace-only
00:00 +10: C:/Users/Ebisu/Desktop/FP/Proyectos/Myndex/Myndex/test/core/security/input_sanitizer_test.dart: InputSanitizer.sanitizeNotes trim whitespace and preserve content
00:00 +11: C:/Users/Ebisu/Desktop/FP/Proyectos/Myndex/Myndex/test/core/security/input_sanitizer_test.dart: InputSanitizer.sanitizeNotes preserve newlines and tabs
00:00 +12: C:/Users/Ebisu/Desktop/FP/Proyectos/Myndex/Myndex/test/core/security/input_sanitizer_test.dart: InputSanitizer.sanitizeNotes strip null bytes and control chars (except \t \n \r)
00:00 +13: C:/Users/Ebisu/Desktop/FP/Proyectos/Myndex/Myndex/test/core/security/input_sanitizer_test.dart: InputSanitizer.sanitizeNotes truncate at maxNotesLength
00:00 +14: C:/Users/Ebisu/Desktop/FP/Proyectos/Myndex/Myndex/test/core/security/input_sanitizer_test.dart: InputSanitizer.sanitizeImageUrl return null for null
00:00 +15: C:/Users/Ebisu/Desktop/FP/Proyectos/Myndex/Myndex/test/core/security/input_sanitizer_test.dart: InputSanitizer.sanitizeImageUrl return null for empty string
00:00 +16: C:/Users/Ebisu/Desktop/FP/Proyectos/Myndex/Myndex/test/core/security/input_sanitizer_test.dart: InputSanitizer.sanitizeImageUrl accept https URL
00:00 +17: C:/Users/Ebisu/Desktop/FP/Proyectos/Myndex/Myndex/test/core/security/input_sanitizer_test.dart: InputSanitizer.sanitizeImageUrl accept http URL
00:00 +18: C:/Users/Ebisu/Desktop/FP/Proyectos/Myndex/Myndex/test/core/security/input_sanitizer_test.dart: InputSanitizer.sanitizeImageUrl reject file:// scheme
00:00 +19: C:/Users/Ebisu/Desktop/FP/Proyectos/Myndex/Myndex/test/core/security/input_sanitizer_test.dart: InputSanitizer.sanitizeImageUrl reject javascript: scheme
00:00 +20: C:/Users/Ebisu/Desktop/FP/Proyectos/Myndex/Myndex/test/core/security/input_sanitizer_test.dart: InputSanitizer.sanitizeImageUrl reject data: scheme
00:00 +21: C:/Users/Ebisu/Desktop/FP/Proyectos/Myndex/Myndex/test/core/security/input_sanitizer_test.dart: InputSanitizer.sanitizeImageUrl reject URL without authority
00:00 +22: C:/Users/Ebisu/Desktop/FP/Proyectos/Myndex/Myndex/test/core/security/input_sanitizer_test.dart: InputSanitizer.sanitizeImageUrl return null for URL exceeding maxUrlLength
00:00 +23: C:/Users/Ebisu/Desktop/FP/Proyectos/Myndex/Myndex/test/core/security/input_sanitizer_test.dart: InputSanitizer.sanitizeImageUrl trim whitespace from valid URL
00:00 +24: C:/Users/Ebisu/Desktop/FP/Proyectos/Myndex/Myndex/test/core/security/input_sanitizer_test.dart: InputSanitizer.sanitizeSearchQuery escape % wildcard
00:00 +25: C:/Users/Ebisu/Desktop/FP/Proyectos/Myndex/Myndex/test/core/security/input_sanitizer_test.dart: InputSanitizer.sanitizeSearchQuery escape _ wildcard
00:00 +26: C:/Users/Ebisu/Desktop/FP/Proyectos/Myndex/Myndex/test/core/security/input_sanitizer_test.dart: InputSanitizer.sanitizeSearchQuery escape backslash
00:00 +27: C:/Users/Ebisu/Desktop/FP/Proyectos/Myndex/Myndex/test/core/security/input_sanitizer_test.dart: InputSanitizer.sanitizeSearchQuery trim query
00:00 +28: C:/Users/Ebisu/Desktop/FP/Proyectos/Myndex/Myndex/test/core/security/input_sanitizer_test.dart: InputSanitizer.sanitizeSearchQuery truncate at maxQueryLength and escape
00:00 +29: C:/Users/Ebisu/Desktop/FP/Proyectos/Myndex/Myndex/test/core/security/input_sanitizer_test.dart: InputSanitizer.sanitizeScore return null for null
00:00 +30: C:/Users/Ebisu/Desktop/FP/Proyectos/Myndex/Myndex/test/core/security/input_sanitizer_test.dart: InputSanitizer.sanitizeScore return null for 0 (no rating)
00:00 +31: C:/Users/Ebisu/Desktop/FP/Proyectos/Myndex/Myndex/test/core/security/input_sanitizer_test.dart: InputSanitizer.sanitizeScore return null for negative
00:00 +32: C:/Users/Ebisu/Desktop/FP/Proyectos/Myndex/Myndex/test/core/security/input_sanitizer_test.dart: InputSanitizer.sanitizeScore clamp to 10 if above max
00:00 +33: C:/Users/Ebisu/Desktop/FP/Proyectos/Myndex/Myndex/test/core/security/input_sanitizer_test.dart: InputSanitizer.sanitizeScore accept boundary value 10
00:00 +34: C:/Users/Ebisu/Desktop/FP/Proyectos/Myndex/Myndex/test/core/security/input_sanitizer_test.dart: InputSanitizer.sanitizeScore accept valid score
00:00 +35: C:/Users/Ebisu/Desktop/FP/Proyectos/Myndex/Myndex/test/core/security/input_sanitizer_test.dart: InputSanitizer.sanitizeScore accept integer and return double
00:00 +36: C:/Users/Ebisu/Desktop/FP/Proyectos/Myndex/Myndex/test/features/content/data/content_local_datasource_test.dart: insert / getById insert returns item with assigned id
00:00 +36 -1: C:/Users/Ebisu/Desktop/FP/Proyectos/Myndex/Myndex/test/features/content/data/content_local_datasource_test.dart: insert / getById insert returns item with assigned id [E]
  Invalid argument(s): Failed to load dynamic library 'sqlite3.dll': The specified module could not be found.
   (error code: 126)
  dart:ffi                                                        new DynamicLibrary.open
  package:sqlite3/src/ffi/load_library.dart 81:27                 _defaultOpen
  package:sqlite3/src/ffi/load_library.dart 127:12                OpenDynamicLibrary.openSqlite
  package:sqlite3/src/ffi/api.dart 13:39                          sqlite3
  package:drift/native.dart 313:12                                _NativeDelegate.openDatabase
  package:drift/src/sqlite3/database.dart 79:19                   Sqlite3Delegate.open
  package:drift/src/runtime/executor/helpers/engines.dart 442:22  DelegatedDatabase.ensureOpen.<fn>
  
00:00 +36 -1: C:/Users/Ebisu/Desktop/FP/Proyectos/Myndex/Myndex/test/features/content/data/content_local_datasource_test.dart: insert / getById getById retrieves inserted item
00:00 +36 -2: C:/Users/Ebisu/Desktop/FP/Proyectos/Myndex/Myndex/test/features/content/data/content_local_datasource_test.dart: insert / getById getById retrieves inserted item [E]
  Invalid argument(s): Failed to load dynamic library 'sqlite3.dll': The specified module could not be found.
   (error code: 126)
  dart:ffi                                                        new DynamicLibrary.open
  package:sqlite3/src/ffi/load_library.dart 81:27                 _defaultOpen
  package:sqlite3/src/ffi/load_library.dart 127:12                OpenDynamicLibrary.openSqlite
  package:sqlite3/src/ffi/api.dart 13:39                          sqlite3
  package:drift/native.dart 313:12                                _NativeDelegate.openDatabase
  package:drift/src/sqlite3/database.dart 79:19                   Sqlite3Delegate.open
  package:drift/src/runtime/executor/helpers/engines.dart 442:22  DelegatedDatabase.ensureOpen.<fn>
  
00:00 +36 -2: C:/Users/Ebisu/Desktop/FP/Proyectos/Myndex/Myndex/test/features/content/data/content_local_datasource_test.dart: insert / getById getById returns null for non-existent id
00:00 +36 -3: C:/Users/Ebisu/Desktop/FP/Proyectos/Myndex/Myndex/test/features/content/data/content_local_datasource_test.dart: insert / getById getById returns null for non-existent id [E]
  Invalid argument(s): Failed to load dynamic library 'sqlite3.dll': The specified module could not be found.
   (error code: 126)
  dart:ffi                                                        new DynamicLibrary.open
  package:sqlite3/src/ffi/load_library.dart 81:27                 _defaultOpen
  package:sqlite3/src/ffi/load_library.dart 127:12                OpenDynamicLibrary.openSqlite
  package:sqlite3/src/ffi/api.dart 13:39                          sqlite3
  package:drift/native.dart 313:12                                _NativeDelegate.openDatabase
  package:drift/src/sqlite3/database.dart 79:19                   Sqlite3Delegate.open
  package:drift/src/runtime/executor/helpers/engines.dart 442:22  DelegatedDatabase.ensureOpen.<fn>
  
00:00 +36 -3: C:/Users/Ebisu/Desktop/FP/Proyectos/Myndex/Myndex/test/features/content/data/content_local_datasource_test.dart: insert / getById isFavorite persisted correctly
00:00 +36 -4: C:/Users/Ebisu/Desktop/FP/Proyectos/Myndex/Myndex/test/features/content/data/content_local_datasource_test.dart: insert / getById isFavorite persisted correctly [E]
  Invalid argument(s): Failed to load dynamic library 'sqlite3.dll': The specified module could not be found.
   (error code: 126)
  dart:ffi                                                        new DynamicLibrary.open
  package:sqlite3/src/ffi/load_library.dart 81:27                 _defaultOpen
  package:sqlite3/src/ffi/load_library.dart 127:12                OpenDynamicLibrary.openSqlite
  package:sqlite3/src/ffi/api.dart 13:39                          sqlite3
  package:drift/native.dart 313:12                                _NativeDelegate.openDatabase
  package:drift/src/sqlite3/database.dart 79:19                   Sqlite3Delegate.open
  package:drift/src/runtime/executor/helpers/engines.dart 442:22  DelegatedDatabase.ensureOpen.<fn>
  
00:00 +36 -4: C:/Users/Ebisu/Desktop/FP/Proyectos/Myndex/Myndex/test/features/content/data/content_local_datasource_test.dart: update update modifies fields
00:00 +36 -5: C:/Users/Ebisu/Desktop/FP/Proyectos/Myndex/Myndex/test/features/content/data/content_local_datasource_test.dart: update update modifies fields [E]
  Invalid argument(s): Failed to load dynamic library 'sqlite3.dll': The specified module could not be found.
   (error code: 126)
  dart:ffi                                                        new DynamicLibrary.open
  package:sqlite3/src/ffi/load_library.dart 81:27                 _defaultOpen
  package:sqlite3/src/ffi/load_library.dart 127:12                OpenDynamicLibrary.openSqlite
  package:sqlite3/src/ffi/api.dart 13:39                          sqlite3
  package:drift/native.dart 313:12                                _NativeDelegate.openDatabase
  package:drift/src/sqlite3/database.dart 79:19                   Sqlite3Delegate.open
  package:drift/src/runtime/executor/helpers/engines.dart 442:22  DelegatedDatabase.ensureOpen.<fn>
  
00:00 +36 -5: C:/Users/Ebisu/Desktop/FP/Proyectos/Myndex/Myndex/test/features/content/data/content_local_datasource_test.dart: update update preserves addedAt
00:00 +36 -6: C:/Users/Ebisu/Desktop/FP/Proyectos/Myndex/Myndex/test/features/content/data/content_local_datasource_test.dart: update update preserves addedAt [E]
  Invalid argument(s): Failed to load dynamic library 'sqlite3.dll': The specified module could not be found.
   (error code: 126)
  dart:ffi                                                        new DynamicLibrary.open
  package:sqlite3/src/ffi/load_library.dart 81:27                 _defaultOpen
  package:sqlite3/src/ffi/load_library.dart 127:12                OpenDynamicLibrary.openSqlite
  package:sqlite3/src/ffi/api.dart 13:39                          sqlite3
  package:drift/native.dart 313:12                                _NativeDelegate.openDatabase
  package:drift/src/sqlite3/database.dart 79:19                   Sqlite3Delegate.open
  package:drift/src/runtime/executor/helpers/engines.dart 442:22  DelegatedDatabase.ensureOpen.<fn>
  
00:00 +36 -6: C:/Users/Ebisu/Desktop/FP/Proyectos/Myndex/Myndex/test/features/content/data/content_local_datasource_test.dart: update update throws StateError when item has no id
00:00 +37 -6: C:/Users/Ebisu/Desktop/FP/Proyectos/Myndex/Myndex/test/features/content/data/content_local_datasource_test.dart: update update isFavorite toggle persists
00:00 +37 -7: C:/Users/Ebisu/Desktop/FP/Proyectos/Myndex/Myndex/test/features/content/data/content_local_datasource_test.dart: update update isFavorite toggle persists [E]
  Invalid argument(s): Failed to load dynamic library 'sqlite3.dll': The specified module could not be found.
   (error code: 126)
  dart:ffi                                                        new DynamicLibrary.open
  package:sqlite3/src/ffi/load_library.dart 81:27                 _defaultOpen
  package:sqlite3/src/ffi/load_library.dart 127:12                OpenDynamicLibrary.openSqlite
  package:sqlite3/src/ffi/api.dart 13:39                          sqlite3
  package:drift/native.dart 313:12                                _NativeDelegate.openDatabase
  package:drift/src/sqlite3/database.dart 79:19                   Sqlite3Delegate.open
  package:drift/src/runtime/executor/helpers/engines.dart 442:22  DelegatedDatabase.ensureOpen.<fn>
  
00:00 +37 -7: C:/Users/Ebisu/Desktop/FP/Proyectos/Myndex/Myndex/test/features/content/data/content_local_datasource_test.dart: delete delete removes item
00:00 +37 -8: C:/Users/Ebisu/Desktop/FP/Proyectos/Myndex/Myndex/test/features/content/data/content_local_datasource_test.dart: delete delete removes item [E]
  Invalid argument(s): Failed to load dynamic library 'sqlite3.dll': The specified module could not be found.
   (error code: 126)
  dart:ffi                                                        new DynamicLibrary.open
  package:sqlite3/src/ffi/load_library.dart 81:27                 _defaultOpen
  package:sqlite3/src/ffi/load_library.dart 127:12                OpenDynamicLibrary.openSqlite
  package:sqlite3/src/ffi/api.dart 13:39                          sqlite3
  package:drift/native.dart 313:12                                _NativeDelegate.openDatabase
  package:drift/src/sqlite3/database.dart 79:19                   Sqlite3Delegate.open
  package:drift/src/runtime/executor/helpers/engines.dart 442:22  DelegatedDatabase.ensureOpen.<fn>
  
00:00 +37 -8: C:/Users/Ebisu/Desktop/FP/Proyectos/Myndex/Myndex/test/features/content/data/content_local_datasource_test.dart: delete delete non-existent id does not throw
00:00 +37 -9: C:/Users/Ebisu/Desktop/FP/Proyectos/Myndex/Myndex/test/features/content/data/content_local_datasource_test.dart: delete delete non-existent id does not throw [E]
  Invalid argument(s): Failed to load dynamic library 'sqlite3.dll': The specified module could not be found.
   (error code: 126)
  dart:ffi                                                        new DynamicLibrary.open
  package:sqlite3/src/ffi/load_library.dart 81:27                 _defaultOpen
  package:sqlite3/src/ffi/load_library.dart 127:12                OpenDynamicLibrary.openSqlite
  package:sqlite3/src/ffi/api.dart 13:39                          sqlite3
  package:drift/native.dart 313:12                                _NativeDelegate.openDatabase
  package:drift/src/sqlite3/database.dart 79:19                   Sqlite3Delegate.open
  package:drift/src/runtime/executor/helpers/engines.dart 442:22  DelegatedDatabase.ensureOpen.<fn>
  
00:00 +37 -9: C:/Users/Ebisu/Desktop/FP/Proyectos/Myndex/Myndex/test/features/content/data/content_local_datasource_test.dart: getAll ÔÇö filters no filters returns all items
00:00 +37 -10: C:/Users/Ebisu/Desktop/FP/Proyectos/Myndex/Myndex/test/features/content/data/content_local_datasource_test.dart: getAll ÔÇö filters no filters returns all items [E]
  Invalid argument(s): Failed to load dynamic library 'sqlite3.dll': The specified module could not be found.
   (error code: 126)
  dart:ffi                                                        new DynamicLibrary.open
  package:sqlite3/src/ffi/load_library.dart 81:27                 _defaultOpen
  package:sqlite3/src/ffi/load_library.dart 127:12                OpenDynamicLibrary.openSqlite
  package:sqlite3/src/ffi/api.dart 13:39                          sqlite3
  package:drift/native.dart 313:12                                _NativeDelegate.openDatabase
  package:drift/src/sqlite3/database.dart 79:19                   Sqlite3Delegate.open
  package:drift/src/runtime/executor/helpers/engines.dart 442:22  DelegatedDatabase.ensureOpen.<fn>
  
00:00 +37 -10: C:/Users/Ebisu/Desktop/FP/Proyectos/Myndex/Myndex/test/features/content/data/content_local_datasource_test.dart: getAll ÔÇö filters filterType filters by content type
00:00 +37 -11: C:/Users/Ebisu/Desktop/FP/Proyectos/Myndex/Myndex/test/features/content/data/content_local_datasource_test.dart: getAll ÔÇö filters filterType filters by content type [E]
  Invalid argument(s): Failed to load dynamic library 'sqlite3.dll': The specified module could not be found.
   (error code: 126)
  dart:ffi                                                        new DynamicLibrary.open
  package:sqlite3/src/ffi/load_library.dart 81:27                 _defaultOpen
  package:sqlite3/src/ffi/load_library.dart 127:12                OpenDynamicLibrary.openSqlite
  package:sqlite3/src/ffi/api.dart 13:39                          sqlite3
  package:drift/native.dart 313:12                                _NativeDelegate.openDatabase
  package:drift/src/sqlite3/database.dart 79:19                   Sqlite3Delegate.open
  package:drift/src/runtime/executor/helpers/engines.dart 442:22  DelegatedDatabase.ensureOpen.<fn>
  
00:00 +37 -11: C:/Users/Ebisu/Desktop/FP/Proyectos/Myndex/Myndex/test/features/content/data/content_local_datasource_test.dart: getAll ÔÇö filters filterStatus filters by status
00:00 +37 -12: C:/Users/Ebisu/Desktop/FP/Proyectos/Myndex/Myndex/test/features/content/data/content_local_datasource_test.dart: getAll ÔÇö filters filterStatus filters by status [E]
  Invalid argument(s): Failed to load dynamic library 'sqlite3.dll': The specified module could not be found.
   (error code: 126)
  dart:ffi                                                        new DynamicLibrary.open
  package:sqlite3/src/ffi/load_library.dart 81:27                 _defaultOpen
  package:sqlite3/src/ffi/load_library.dart 127:12                OpenDynamicLibrary.openSqlite
  package:sqlite3/src/ffi/api.dart 13:39                          sqlite3
  package:drift/native.dart 313:12                                _NativeDelegate.openDatabase
  package:drift/src/sqlite3/database.dart 79:19                   Sqlite3Delegate.open
  package:drift/src/runtime/executor/helpers/engines.dart 442:22  DelegatedDatabase.ensureOpen.<fn>
  
00:00 +37 -12: C:/Users/Ebisu/Desktop/FP/Proyectos/Myndex/Myndex/test/features/content/data/content_local_datasource_test.dart: getAll ÔÇö filters minScore filters by minimum score
00:00 +37 -13: C:/Users/Ebisu/Desktop/FP/Proyectos/Myndex/Myndex/test/features/content/data/content_local_datasource_test.dart: getAll ÔÇö filters minScore filters by minimum score [E]
  Invalid argument(s): Failed to load dynamic library 'sqlite3.dll': The specified module could not be found.
   (error code: 126)
  dart:ffi                                                        new DynamicLibrary.open
  package:sqlite3/src/ffi/load_library.dart 81:27                 _defaultOpen
  package:sqlite3/src/ffi/load_library.dart 127:12                OpenDynamicLibrary.openSqlite
  package:sqlite3/src/ffi/api.dart 13:39                          sqlite3
  package:drift/native.dart 313:12                                _NativeDelegate.openDatabase
  package:drift/src/sqlite3/database.dart 79:19                   Sqlite3Delegate.open
  package:drift/src/runtime/executor/helpers/engines.dart 442:22  DelegatedDatabase.ensureOpen.<fn>
  
00:00 +37 -13: C:/Users/Ebisu/Desktop/FP/Proyectos/Myndex/Myndex/test/features/content/data/content_local_datasource_test.dart: getAll ÔÇö filters filterFavorite returns only favorites
00:00 +37 -14: C:/Users/Ebisu/Desktop/FP/Proyectos/Myndex/Myndex/test/features/content/data/content_local_datasource_test.dart: getAll ÔÇö filters filterFavorite returns only favorites [E]
  Invalid argument(s): Failed to load dynamic library 'sqlite3.dll': The specified module could not be found.
   (error code: 126)
  dart:ffi                                                        new DynamicLibrary.open
  package:sqlite3/src/ffi/load_library.dart 81:27                 _defaultOpen
  package:sqlite3/src/ffi/load_library.dart 127:12                OpenDynamicLibrary.openSqlite
  package:sqlite3/src/ffi/api.dart 13:39                          sqlite3
  package:drift/native.dart 313:12                                _NativeDelegate.openDatabase
  package:drift/src/sqlite3/database.dart 79:19                   Sqlite3Delegate.open
  package:drift/src/runtime/executor/helpers/engines.dart 442:22  DelegatedDatabase.ensureOpen.<fn>
  
00:00 +37 -14: C:/Users/Ebisu/Desktop/FP/Proyectos/Myndex/Myndex/test/features/content/data/content_local_datasource_test.dart: getAll ÔÇö filters combined filters: type + status
00:00 +37 -15: C:/Users/Ebisu/Desktop/FP/Proyectos/Myndex/Myndex/test/features/content/data/content_local_datasource_test.dart: getAll ÔÇö filters combined filters: type + status [E]
  Invalid argument(s): Failed to load dynamic library 'sqlite3.dll': The specified module could not be found.
   (error code: 126)
  dart:ffi                                                        new DynamicLibrary.open
  package:sqlite3/src/ffi/load_library.dart 81:27                 _defaultOpen
  package:sqlite3/src/ffi/load_library.dart 127:12                OpenDynamicLibrary.openSqlite
  package:sqlite3/src/ffi/api.dart 13:39                          sqlite3
  package:drift/native.dart 313:12                                _NativeDelegate.openDatabase
  package:drift/src/sqlite3/database.dart 79:19                   Sqlite3Delegate.open
  package:drift/src/runtime/executor/helpers/engines.dart 442:22  DelegatedDatabase.ensureOpen.<fn>
  
00:00 +37 -15: C:/Users/Ebisu/Desktop/FP/Proyectos/Myndex/Myndex/test/features/content/data/content_local_datasource_test.dart: search finds items matching title substring
00:00 +37 -16: C:/Users/Ebisu/Desktop/FP/Proyectos/Myndex/Myndex/test/features/content/data/content_local_datasource_test.dart: search finds items matching title substring [E]
  Invalid argument(s): Failed to load dynamic library 'sqlite3.dll': The specified module could not be found.
   (error code: 126)
  dart:ffi                                                        new DynamicLibrary.open
  package:sqlite3/src/ffi/load_library.dart 81:27                 _defaultOpen
  package:sqlite3/src/ffi/load_library.dart 127:12                OpenDynamicLibrary.openSqlite
  package:sqlite3/src/ffi/api.dart 13:39                          sqlite3
  package:drift/native.dart 313:12                                _NativeDelegate.openDatabase
  package:drift/src/sqlite3/database.dart 79:19                   Sqlite3Delegate.open
  package:drift/src/runtime/executor/helpers/engines.dart 442:22  DelegatedDatabase.ensureOpen.<fn>
  
00:00 +37 -16: C:/Users/Ebisu/Desktop/FP/Proyectos/Myndex/Myndex/test/features/content/data/content_local_datasource_test.dart: search case-insensitive search
00:00 +37 -17: C:/Users/Ebisu/Desktop/FP/Proyectos/Myndex/Myndex/test/features/content/data/content_local_datasource_test.dart: search case-insensitive search [E]
  Invalid argument(s): Failed to load dynamic library 'sqlite3.dll': The specified module could not be found.
   (error code: 126)
  dart:ffi                                                        new DynamicLibrary.open
  package:sqlite3/src/ffi/load_library.dart 81:27                 _defaultOpen
  package:sqlite3/src/ffi/load_library.dart 127:12                OpenDynamicLibrary.openSqlite
  package:sqlite3/src/ffi/api.dart 13:39                          sqlite3
  package:drift/native.dart 313:12                                _NativeDelegate.openDatabase
  package:drift/src/sqlite3/database.dart 79:19                   Sqlite3Delegate.open
  package:drift/src/runtime/executor/helpers/engines.dart 442:22  DelegatedDatabase.ensureOpen.<fn>
  
00:00 +37 -17: C:/Users/Ebisu/Desktop/FP/Proyectos/Myndex/Myndex/test/features/content/data/content_local_datasource_test.dart: search returns empty for no match
00:00 +37 -18: C:/Users/Ebisu/Desktop/FP/Proyectos/Myndex/Myndex/test/features/content/data/content_local_datasource_test.dart: search returns empty for no match [E]
  Invalid argument(s): Failed to load dynamic library 'sqlite3.dll': The specified module could not be found.
   (error code: 126)
  dart:ffi                                                        new DynamicLibrary.open
  package:sqlite3/src/ffi/load_library.dart 81:27                 _defaultOpen
  package:sqlite3/src/ffi/load_library.dart 127:12                OpenDynamicLibrary.openSqlite
  package:sqlite3/src/ffi/api.dart 13:39                          sqlite3
  package:drift/native.dart 313:12                                _NativeDelegate.openDatabase
  package:drift/src/sqlite3/database.dart 79:19                   Sqlite3Delegate.open
  package:drift/src/runtime/executor/helpers/engines.dart 442:22  DelegatedDatabase.ensureOpen.<fn>
  
00:00 +37 -18: C:/Users/Ebisu/Desktop/FP/Proyectos/Myndex/Myndex/test/features/content/data/content_local_datasource_test.dart: search empty query returns empty list (not all items)
00:00 +37 -19: C:/Users/Ebisu/Desktop/FP/Proyectos/Myndex/Myndex/test/features/content/data/content_local_datasource_test.dart: search empty query returns empty list (not all items) [E]
  Invalid argument(s): Failed to load dynamic library 'sqlite3.dll': The specified module could not be found.
   (error code: 126)
  dart:ffi                                                        new DynamicLibrary.open
  package:sqlite3/src/ffi/load_library.dart 81:27                 _defaultOpen
  package:sqlite3/src/ffi/load_library.dart 127:12                OpenDynamicLibrary.openSqlite
  package:sqlite3/src/ffi/api.dart 13:39                          sqlite3
  package:drift/native.dart 313:12                                _NativeDelegate.openDatabase
  package:drift/src/sqlite3/database.dart 79:19                   Sqlite3Delegate.open
  package:drift/src/runtime/executor/helpers/engines.dart 442:22  DelegatedDatabase.ensureOpen.<fn>
  
00:00 +37 -19: C:/Users/Ebisu/Desktop/FP/Proyectos/Myndex/Myndex/test/features/content/data/content_local_datasource_test.dart: search LIKE wildcard in query does not cause full scan exploit
00:00 +37 -20: C:/Users/Ebisu/Desktop/FP/Proyectos/Myndex/Myndex/test/features/content/data/content_local_datasource_test.dart: search LIKE wildcard in query does not cause full scan exploit [E]
  Invalid argument(s): Failed to load dynamic library 'sqlite3.dll': The specified module could not be found.
   (error code: 126)
  dart:ffi                                                        new DynamicLibrary.open
  package:sqlite3/src/ffi/load_library.dart 81:27                 _defaultOpen
  package:sqlite3/src/ffi/load_library.dart 127:12                OpenDynamicLibrary.openSqlite
  package:sqlite3/src/ffi/api.dart 13:39                          sqlite3
  package:drift/native.dart 313:12                                _NativeDelegate.openDatabase
  package:drift/src/sqlite3/database.dart 79:19                   Sqlite3Delegate.open
  package:drift/src/runtime/executor/helpers/engines.dart 442:22  DelegatedDatabase.ensureOpen.<fn>
  
00:00 +37 -20: C:/Users/Ebisu/Desktop/FP/Proyectos/Myndex/Myndex/test/features/content/data/content_local_datasource_test.dart: existsByTitleAndType returns true when item exists
00:00 +37 -21: C:/Users/Ebisu/Desktop/FP/Proyectos/Myndex/Myndex/test/features/content/data/content_local_datasource_test.dart: existsByTitleAndType returns true when item exists [E]
  Invalid argument(s): Failed to load dynamic library 'sqlite3.dll': The specified module could not be found.
   (error code: 126)
  dart:ffi                                                        new DynamicLibrary.open
  package:sqlite3/src/ffi/load_library.dart 81:27                 _defaultOpen
  package:sqlite3/src/ffi/load_library.dart 127:12                OpenDynamicLibrary.openSqlite
  package:sqlite3/src/ffi/api.dart 13:39                          sqlite3
  package:drift/native.dart 313:12                                _NativeDelegate.openDatabase
  package:drift/src/sqlite3/database.dart 79:19                   Sqlite3Delegate.open
  package:drift/src/runtime/executor/helpers/engines.dart 442:22  DelegatedDatabase.ensureOpen.<fn>
  
00:00 +37 -21: C:/Users/Ebisu/Desktop/FP/Proyectos/Myndex/Myndex/test/features/content/data/content_local_datasource_test.dart: existsByTitleAndType returns false for different type same title
00:00 +37 -22: C:/Users/Ebisu/Desktop/FP/Proyectos/Myndex/Myndex/test/features/content/data/content_local_datasource_test.dart: existsByTitleAndType returns false for different type same title [E]
  Invalid argument(s): Failed to load dynamic library 'sqlite3.dll': The specified module could not be found.
   (error code: 126)
  dart:ffi                                                        new DynamicLibrary.open
  package:sqlite3/src/ffi/load_library.dart 81:27                 _defaultOpen
  package:sqlite3/src/ffi/load_library.dart 127:12                OpenDynamicLibrary.openSqlite
  package:sqlite3/src/ffi/api.dart 13:39                          sqlite3
  package:drift/native.dart 313:12                                _NativeDelegate.openDatabase
  package:drift/src/sqlite3/database.dart 79:19                   Sqlite3Delegate.open
  package:drift/src/runtime/executor/helpers/engines.dart 442:22  DelegatedDatabase.ensureOpen.<fn>
  
00:00 +37 -22: C:/Users/Ebisu/Desktop/FP/Proyectos/Myndex/Myndex/test/features/content/data/content_local_datasource_test.dart: existsByTitleAndType returns false when no match
00:00 +37 -23: C:/Users/Ebisu/Desktop/FP/Proyectos/Myndex/Myndex/test/features/content/data/content_local_datasource_test.dart: existsByTitleAndType returns false when no match [E]
  Invalid argument(s): Failed to load dynamic library 'sqlite3.dll': The specified module could not be found.
   (error code: 126)
  dart:ffi                                                        new DynamicLibrary.open
  package:sqlite3/src/ffi/load_library.dart 81:27                 _defaultOpen
  package:sqlite3/src/ffi/load_library.dart 127:12                OpenDynamicLibrary.openSqlite
  package:sqlite3/src/ffi/api.dart 13:39                          sqlite3
  package:drift/native.dart 313:12                                _NativeDelegate.openDatabase
  package:drift/src/sqlite3/database.dart 79:19                   Sqlite3Delegate.open
  package:drift/src/runtime/executor/helpers/engines.dart 442:22  DelegatedDatabase.ensureOpen.<fn>
  
00:00 +37 -23: C:/Users/Ebisu/Desktop/FP/Proyectos/Myndex/Myndex/test/features/content/data/content_local_datasource_test.dart: insertBatch inserts multiple items atomically
00:00 +37 -24: C:/Users/Ebisu/Desktop/FP/Proyectos/Myndex/Myndex/test/features/content/data/content_local_datasource_test.dart: insertBatch inserts multiple items atomically [E]
  Invalid argument(s): Failed to load dynamic library 'sqlite3.dll': The specified module could not be found.
   (error code: 126)
  dart:ffi                                                        new DynamicLibrary.open
  package:sqlite3/src/ffi/load_library.dart 81:27                 _defaultOpen
  package:sqlite3/src/ffi/load_library.dart 127:12                OpenDynamicLibrary.openSqlite
  package:sqlite3/src/ffi/api.dart 13:39                          sqlite3
  package:drift/native.dart 313:12                                _NativeDelegate.openDatabase
  package:drift/src/sqlite3/database.dart 79:19                   Sqlite3Delegate.open
  package:drift/src/runtime/executor/helpers/engines.dart 442:22  DelegatedDatabase.ensureOpen.<fn>
  
00:00 +37 -24: C:/Users/Ebisu/Desktop/FP/Proyectos/Myndex/Myndex/test/features/content/data/content_local_datasource_test.dart: insertBatch returns 0 for empty list
00:00 +38 -24: C:/Users/Ebisu/Desktop/FP/Proyectos/Myndex/Myndex/test/features/content/data/content_repository_impl_test.dart: ContentRepositoryImpl.create ÔÇö sanitization trims whitespace from title
00:00 +38 -25: C:/Users/Ebisu/Desktop/FP/Proyectos/Myndex/Myndex/test/features/content/data/content_repository_impl_test.dart: ContentRepositoryImpl.create ÔÇö sanitization trims whitespace from title [E]
  Invalid argument(s): Failed to load dynamic library 'sqlite3.dll': The specified module could not be found.
   (error code: 126)
  dart:ffi                                                        new DynamicLibrary.open
  package:sqlite3/src/ffi/load_library.dart 81:27                 _defaultOpen
  package:sqlite3/src/ffi/load_library.dart 127:12                OpenDynamicLibrary.openSqlite
  package:sqlite3/src/ffi/api.dart 13:39                          sqlite3
  package:drift/native.dart 313:12                                _NativeDelegate.openDatabase
  package:drift/src/sqlite3/database.dart 79:19                   Sqlite3Delegate.open
  package:drift/src/runtime/executor/helpers/engines.dart 442:22  DelegatedDatabase.ensureOpen.<fn>
  
00:00 +38 -25: C:/Users/Ebisu/Desktop/FP/Proyectos/Myndex/Myndex/test/features/content/data/content_repository_impl_test.dart: ContentRepositoryImpl.create ÔÇö sanitization collapses multiple spaces in title
WARNING (drift): It looks like you've created the database class AppDatabase multiple times. When these two databases use the same QueryExecutor, race conditions will occur and might corrupt the database. 
Try to follow the advice at https://drift.simonbinder.eu/faq/#using-the-database or, if you know what you're doing, set driftRuntimeOptions.dontWarnAboutMultipleDatabases = true
Here is the stacktrace from when the database was opened a second time:
#0      GeneratedDatabase._handleInstantiated (package:drift/src/runtime/api/db_base.dart:96:30)
#1      GeneratedDatabase._whenConstructed (package:drift/src/runtime/api/db_base.dart:73:12)
#2      new GeneratedDatabase (package:drift/src/runtime/api/db_base.dart:64:5)
#3      new _$AppDatabase (package:myndex/core/database/app_database.g.dart:1060:36)
#4      new AppDatabase.forTesting (package:myndex/core/database/app_database.dart)
#5      _makeRepo (file:///C:/Users/Ebisu/Desktop/FP/Proyectos/Myndex/Myndex/test/features/content/data/content_repository_impl_test.dart:10:26)
#6      main.<anonymous closure>.<anonymous closure> (file:///C:/Users/Ebisu/Desktop/FP/Proyectos/Myndex/Myndex/test/features/content/data/content_repository_impl_test.dart:42:20)
#7      Declarer.test.<anonymous closure>.<anonymous closure> (package:test_api/src/backend/declarer.dart:242:19)
<asynchronous suspension>
#8      Declarer.test.<anonymous closure> (package:test_api/src/backend/declarer.dart:240:7)
<asynchronous suspension>
#9      Invoker._waitForOutstandingCallbacks.<anonymous closure> (package:test_api/src/backend/invoker.dart:282:9)
<asynchronous suspension>
This warning will only appear on debug builds.
00:00 +38 -26: C:/Users/Ebisu/Desktop/FP/Proyectos/Myndex/Myndex/test/features/content/data/content_repository_impl_test.dart: ContentRepositoryImpl.create ÔÇö sanitization collapses multiple spaces in title [E]
  Invalid argument(s): Failed to load dynamic library 'sqlite3.dll': The specified module could not be found.
   (error code: 126)
  dart:ffi                                                        new DynamicLibrary.open
  package:sqlite3/src/ffi/load_library.dart 81:27                 _defaultOpen
  package:sqlite3/src/ffi/load_library.dart 127:12                OpenDynamicLibrary.openSqlite
  package:sqlite3/src/ffi/api.dart 13:39                          sqlite3
  package:drift/native.dart 313:12                                _NativeDelegate.openDatabase
  package:drift/src/sqlite3/database.dart 79:19                   Sqlite3Delegate.open
  package:drift/src/runtime/executor/helpers/engines.dart 442:22  DelegatedDatabase.ensureOpen.<fn>
  
00:00 +38 -26: C:/Users/Ebisu/Desktop/FP/Proyectos/Myndex/Myndex/test/features/content/data/content_repository_impl_test.dart: ContentRepositoryImpl.create ÔÇö sanitization rejects javascript: imageUrl
WARNING (drift): It looks like you've created the database class AppDatabase multiple times. When these two databases use the same QueryExecutor, race conditions will occur and might corrupt the database. 
Try to follow the advice at https://drift.simonbinder.eu/faq/#using-the-database or, if you know what you're doing, set driftRuntimeOptions.dontWarnAboutMultipleDatabases = true
Here is the stacktrace from when the database was opened a second time:
#0      GeneratedDatabase._handleInstantiated (package:drift/src/runtime/api/db_base.dart:96:30)
#1      GeneratedDatabase._whenConstructed (package:drift/src/runtime/api/db_base.dart:73:12)
#2      new GeneratedDatabase (package:drift/src/runtime/api/db_base.dart:64:5)
#3      new _$AppDatabase (package:myndex/core/database/app_database.g.dart:1060:36)
#4      new AppDatabase.forTesting (package:myndex/core/database/app_database.dart)
#5      _makeRepo (file:///C:/Users/Ebisu/Desktop/FP/Proyectos/Myndex/Myndex/test/features/content/data/content_repository_impl_test.dart:10:26)
#6      main.<anonymous closure>.<anonymous closure> (file:///C:/Users/Ebisu/Desktop/FP/Proyectos/Myndex/Myndex/test/features/content/data/content_repository_impl_test.dart:48:20)
#7      Declarer.test.<anonymous closure>.<anonymous closure> (package:test_api/src/backend/declarer.dart:242:19)
<asynchronous suspension>
#8      Declarer.test.<anonymous closure> (package:test_api/src/backend/declarer.dart:240:7)
<asynchronous suspension>
#9      Invoker._waitForOutstandingCallbacks.<anonymous closure> (package:test_api/src/backend/invoker.dart:282:9)
<asynchronous suspension>
This warning will only appear on debug builds.
00:00 +38 -27: C:/Users/Ebisu/Desktop/FP/Proyectos/Myndex/Myndex/test/features/content/data/content_repository_impl_test.dart: ContentRepositoryImpl.create ÔÇö sanitization rejects javascript: imageUrl [E]
  Invalid argument(s): Failed to load dynamic library 'sqlite3.dll': The specified module could not be found.
   (error code: 126)
  dart:ffi                                                        new DynamicLibrary.open
  package:sqlite3/src/ffi/load_library.dart 81:27                 _defaultOpen
  package:sqlite3/src/ffi/load_library.dart 127:12                OpenDynamicLibrary.openSqlite
  package:sqlite3/src/ffi/api.dart 13:39                          sqlite3
  package:drift/native.dart 313:12                                _NativeDelegate.openDatabase
  package:drift/src/sqlite3/database.dart 79:19                   Sqlite3Delegate.open
  package:drift/src/runtime/executor/helpers/engines.dart 442:22  DelegatedDatabase.ensureOpen.<fn>
  
00:00 +38 -27: C:/Users/Ebisu/Desktop/FP/Proyectos/Myndex/Myndex/test/features/content/data/content_repository_impl_test.dart: ContentRepositoryImpl.create ÔÇö sanitization rejects file:// imageUrl
WARNING (drift): It looks like you've created the database class AppDatabase multiple times. When these two databases use the same QueryExecutor, race conditions will occur and might corrupt the database. 
Try to follow the advice at https://drift.simonbinder.eu/faq/#using-the-database or, if you know what you're doing, set driftRuntimeOptions.dontWarnAboutMultipleDatabases = true
Here is the stacktrace from when the database was opened a second time:
#0      GeneratedDatabase._handleInstantiated (package:drift/src/runtime/api/db_base.dart:96:30)
#1      GeneratedDatabase._whenConstructed (package:drift/src/runtime/api/db_base.dart:73:12)
#2      new GeneratedDatabase (package:drift/src/runtime/api/db_base.dart:64:5)
#3      new _$AppDatabase (package:myndex/core/database/app_database.g.dart:1060:36)
#4      new AppDatabase.forTesting (package:myndex/core/database/app_database.dart)
#5      _makeRepo (file:///C:/Users/Ebisu/Desktop/FP/Proyectos/Myndex/Myndex/test/features/content/data/content_repository_impl_test.dart:10:26)
#6      main.<anonymous closure>.<anonymous closure> (file:///C:/Users/Ebisu/Desktop/FP/Proyectos/Myndex/Myndex/test/features/content/data/content_repository_impl_test.dart:55:20)
#7      Declarer.test.<anonymous closure>.<anonymous closure> (package:test_api/src/backend/declarer.dart:242:19)
<asynchronous suspension>
#8      Declarer.test.<anonymous closure> (package:test_api/src/backend/declarer.dart:240:7)
<asynchronous suspension>
#9      Invoker._waitForOutstandingCallbacks.<anonymous closure> (package:test_api/src/backend/invoker.dart:282:9)
<asynchronous suspension>
This warning will only appear on debug builds.
00:00 +38 -28: C:/Users/Ebisu/Desktop/FP/Proyectos/Myndex/Myndex/test/features/content/data/content_repository_impl_test.dart: ContentRepositoryImpl.create ÔÇö sanitization rejects file:// imageUrl [E]
  Invalid argument(s): Failed to load dynamic library 'sqlite3.dll': The specified module could not be found.
   (error code: 126)
  dart:ffi                                                        new DynamicLibrary.open
  package:sqlite3/src/ffi/load_library.dart 81:27                 _defaultOpen
  package:sqlite3/src/ffi/load_library.dart 127:12                OpenDynamicLibrary.openSqlite
  package:sqlite3/src/ffi/api.dart 13:39                          sqlite3
  package:drift/native.dart 313:12                                _NativeDelegate.openDatabase
  package:drift/src/sqlite3/database.dart 79:19                   Sqlite3Delegate.open
  package:drift/src/runtime/executor/helpers/engines.dart 442:22  DelegatedDatabase.ensureOpen.<fn>
  
00:00 +38 -28: C:/Users/Ebisu/Desktop/FP/Proyectos/Myndex/Myndex/test/features/content/data/content_repository_impl_test.dart: ContentRepositoryImpl.create ÔÇö sanitization accepts https imageUrl
WARNING (drift): It looks like you've created the database class AppDatabase multiple times. When these two databases use the same QueryExecutor, race conditions will occur and might corrupt the database. 
Try to follow the advice at https://drift.simonbinder.eu/faq/#using-the-database or, if you know what you're doing, set driftRuntimeOptions.dontWarnAboutMultipleDatabases = true
Here is the stacktrace from when the database was opened a second time:
#0      GeneratedDatabase._handleInstantiated (package:drift/src/runtime/api/db_base.dart:96:30)
#1      GeneratedDatabase._whenConstructed (package:drift/src/runtime/api/db_base.dart:73:12)
#2      new GeneratedDatabase (package:drift/src/runtime/api/db_base.dart:64:5)
#3      new _$AppDatabase (package:myndex/core/database/app_database.g.dart:1060:36)
#4      new AppDatabase.forTesting (package:myndex/core/database/app_database.dart)
#5      _makeRepo (file:///C:/Users/Ebisu/Desktop/FP/Proyectos/Myndex/Myndex/test/features/content/data/content_repository_impl_test.dart:10:26)
#6      main.<anonymous closure>.<anonymous closure> (file:///C:/Users/Ebisu/Desktop/FP/Proyectos/Myndex/Myndex/test/features/content/data/content_repository_impl_test.dart:62:20)
#7      Declarer.test.<anonymous closure>.<anonymous closure> (package:test_api/src/backend/declarer.dart:242:19)
<asynchronous suspension>
#8      Declarer.test.<anonymous closure> (package:test_api/src/backend/declarer.dart:240:7)
<asynchronous suspension>
#9      Invoker._waitForOutstandingCallbacks.<anonymous closure> (package:test_api/src/backend/invoker.dart:282:9)
<asynchronous suspension>
This warning will only appear on debug builds.
00:00 +38 -29: C:/Users/Ebisu/Desktop/FP/Proyectos/Myndex/Myndex/test/features/content/data/content_repository_impl_test.dart: ContentRepositoryImpl.create ÔÇö sanitization accepts https imageUrl [E]
  Invalid argument(s): Failed to load dynamic library 'sqlite3.dll': The specified module could not be found.
   (error code: 126)
  dart:ffi                                                        new DynamicLibrary.open
  package:sqlite3/src/ffi/load_library.dart 81:27                 _defaultOpen
  package:sqlite3/src/ffi/load_library.dart 127:12                OpenDynamicLibrary.openSqlite
  package:sqlite3/src/ffi/api.dart 13:39                          sqlite3
  package:drift/native.dart 313:12                                _NativeDelegate.openDatabase
  package:drift/src/sqlite3/database.dart 79:19                   Sqlite3Delegate.open
  package:drift/src/runtime/executor/helpers/engines.dart 442:22  DelegatedDatabase.ensureOpen.<fn>
  
00:00 +38 -29: C:/Users/Ebisu/Desktop/FP/Proyectos/Myndex/Myndex/test/features/content/data/content_repository_impl_test.dart: ContentRepositoryImpl.create ÔÇö sanitization score 0 stored as null
WARNING (drift): It looks like you've created the database class AppDatabase multiple times. When these two databases use the same QueryExecutor, race conditions will occur and might corrupt the database. 
Try to follow the advice at https://drift.simonbinder.eu/faq/#using-the-database or, if you know what you're doing, set driftRuntimeOptions.dontWarnAboutMultipleDatabases = true
Here is the stacktrace from when the database was opened a second time:
#0      GeneratedDatabase._handleInstantiated (package:drift/src/runtime/api/db_base.dart:96:30)
#1      GeneratedDatabase._whenConstructed (package:drift/src/runtime/api/db_base.dart:73:12)
#2      new GeneratedDatabase (package:drift/src/runtime/api/db_base.dart:64:5)
#3      new _$AppDatabase (package:myndex/core/database/app_database.g.dart:1060:36)
#4      new AppDatabase.forTesting (package:myndex/core/database/app_database.dart)
#5      _makeRepo (file:///C:/Users/Ebisu/Desktop/FP/Proyectos/Myndex/Myndex/test/features/content/data/content_repository_impl_test.dart:10:26)
#6      main.<anonymous closure>.<anonymous closure> (file:///C:/Users/Ebisu/Desktop/FP/Proyectos/Myndex/Myndex/test/features/content/data/content_repository_impl_test.dart:69:20)
#7      Declarer.test.<anonymous closure>.<anonymous closure> (package:test_api/src/backend/declarer.dart:242:19)
<asynchronous suspension>
#8      Declarer.test.<anonymous closure> (package:test_api/src/backend/declarer.dart:240:7)
<asynchronous suspension>
#9      Invoker._waitForOutstandingCallbacks.<anonymous closure> (package:test_api/src/backend/invoker.dart:282:9)
<asynchronous suspension>
This warning will only appear on debug builds.
00:00 +38 -30: C:/Users/Ebisu/Desktop/FP/Proyectos/Myndex/Myndex/test/features/content/data/content_repository_impl_test.dart: ContentRepositoryImpl.create ÔÇö sanitization score 0 stored as null [E]
  Invalid argument(s): Failed to load dynamic library 'sqlite3.dll': The specified module could not be found.
   (error code: 126)
  dart:ffi                                                        new DynamicLibrary.open
  package:sqlite3/src/ffi/load_library.dart 81:27                 _defaultOpen
  package:sqlite3/src/ffi/load_library.dart 127:12                OpenDynamicLibrary.openSqlite
  package:sqlite3/src/ffi/api.dart 13:39                          sqlite3
  package:drift/native.dart 313:12                                _NativeDelegate.openDatabase
  package:drift/src/sqlite3/database.dart 79:19                   Sqlite3Delegate.open
  package:drift/src/runtime/executor/helpers/engines.dart 442:22  DelegatedDatabase.ensureOpen.<fn>
  
00:00 +38 -30: C:/Users/Ebisu/Desktop/FP/Proyectos/Myndex/Myndex/test/features/content/data/content_repository_impl_test.dart: ContentRepositoryImpl.create ÔÇö sanitization score above 10 clamped to 10
WARNING (drift): It looks like you've created the database class AppDatabase multiple times. When these two databases use the same QueryExecutor, race conditions will occur and might corrupt the database. 
Try to follow the advice at https://drift.simonbinder.eu/faq/#using-the-database or, if you know what you're doing, set driftRuntimeOptions.dontWarnAboutMultipleDatabases = true
Here is the stacktrace from when the database was opened a second time:
#0      GeneratedDatabase._handleInstantiated (package:drift/src/runtime/api/db_base.dart:96:30)
#1      GeneratedDatabase._whenConstructed (package:drift/src/runtime/api/db_base.dart:73:12)
#2      new GeneratedDatabase (package:drift/src/runtime/api/db_base.dart:64:5)
#3      new _$AppDatabase (package:myndex/core/database/app_database.g.dart:1060:36)
#4      new AppDatabase.forTesting (package:myndex/core/database/app_database.dart)
#5      _makeRepo (file:///C:/Users/Ebisu/Desktop/FP/Proyectos/Myndex/Myndex/test/features/content/data/content_repository_impl_test.dart:10:26)
#6      main.<anonymous closure>.<anonymous closure> (file:///C:/Users/Ebisu/Desktop/FP/Proyectos/Myndex/Myndex/test/features/content/data/content_repository_impl_test.dart:75:20)
#7      Declarer.test.<anonymous closure>.<anonymous closure> (package:test_api/src/backend/declarer.dart:242:19)
<asynchronous suspension>
#8      Declarer.test.<anonymous closure> (package:test_api/src/backend/declarer.dart:240:7)
<asynchronous suspension>
#9      Invoker._waitForOutstandingCallbacks.<anonymous closure> (package:test_api/src/backend/invoker.dart:282:9)
<asynchronous suspension>
This warning will only appear on debug builds.
00:00 +38 -31: C:/Users/Ebisu/Desktop/FP/Proyectos/Myndex/Myndex/test/features/content/data/content_repository_impl_test.dart: ContentRepositoryImpl.create ÔÇö sanitization score above 10 clamped to 10 [E]
  Invalid argument(s): Failed to load dynamic library 'sqlite3.dll': The specified module could not be found.
   (error code: 126)
  dart:ffi                                                        new DynamicLibrary.open
  package:sqlite3/src/ffi/load_library.dart 81:27                 _defaultOpen
  package:sqlite3/src/ffi/load_library.dart 127:12                OpenDynamicLibrary.openSqlite
  package:sqlite3/src/ffi/api.dart 13:39                          sqlite3
  package:drift/native.dart 313:12                                _NativeDelegate.openDatabase
  package:drift/src/sqlite3/database.dart 79:19                   Sqlite3Delegate.open
  package:drift/src/runtime/executor/helpers/engines.dart 442:22  DelegatedDatabase.ensureOpen.<fn>
  
00:00 +38 -31: C:/Users/Ebisu/Desktop/FP/Proyectos/Myndex/Myndex/test/features/content/data/content_repository_impl_test.dart: ContentRepositoryImpl.create ÔÇö sanitization empty notes stored as null
WARNING (drift): It looks like you've created the database class AppDatabase multiple times. When these two databases use the same QueryExecutor, race conditions will occur and might corrupt the database. 
Try to follow the advice at https://drift.simonbinder.eu/faq/#using-the-database or, if you know what you're doing, set driftRuntimeOptions.dontWarnAboutMultipleDatabases = true
Here is the stacktrace from when the database was opened a second time:
#0      GeneratedDatabase._handleInstantiated (package:drift/src/runtime/api/db_base.dart:96:30)
#1      GeneratedDatabase._whenConstructed (package:drift/src/runtime/api/db_base.dart:73:12)
#2      new GeneratedDatabase (package:drift/src/runtime/api/db_base.dart:64:5)
#3      new _$AppDatabase (package:myndex/core/database/app_database.g.dart:1060:36)
#4      new AppDatabase.forTesting (package:myndex/core/database/app_database.dart)
#5      _makeRepo (file:///C:/Users/Ebisu/Desktop/FP/Proyectos/Myndex/Myndex/test/features/content/data/content_repository_impl_test.dart:10:26)
#6      main.<anonymous closure>.<anonymous closure> (file:///C:/Users/Ebisu/Desktop/FP/Proyectos/Myndex/Myndex/test/features/content/data/content_repository_impl_test.dart:81:20)
#7      Declarer.test.<anonymous closure>.<anonymous closure> (package:test_api/src/backend/declarer.dart:242:19)
<asynchronous suspension>
#8      Declarer.test.<anonymous closure> (package:test_api/src/backend/declarer.dart:240:7)
<asynchronous suspension>
#9      Invoker._waitForOutstandingCallbacks.<anonymous closure> (package:test_api/src/backend/invoker.dart:282:9)
<asynchronous suspension>
This warning will only appear on debug builds.
00:00 +38 -32: C:/Users/Ebisu/Desktop/FP/Proyectos/Myndex/Myndex/test/features/content/data/content_repository_impl_test.dart: ContentRepositoryImpl.create ÔÇö sanitization empty notes stored as null [E]
  Invalid argument(s): Failed to load dynamic library 'sqlite3.dll': The specified module could not be found.
   (error code: 126)
  dart:ffi                                                        new DynamicLibrary.open
  package:sqlite3/src/ffi/load_library.dart 81:27                 _defaultOpen
  package:sqlite3/src/ffi/load_library.dart 127:12                OpenDynamicLibrary.openSqlite
  package:sqlite3/src/ffi/api.dart 13:39                          sqlite3
  package:drift/native.dart 313:12                                _NativeDelegate.openDatabase
  package:drift/src/sqlite3/database.dart 79:19                   Sqlite3Delegate.open
  package:drift/src/runtime/executor/helpers/engines.dart 442:22  DelegatedDatabase.ensureOpen.<fn>
  
00:00 +38 -32: C:/Users/Ebisu/Desktop/FP/Proyectos/Myndex/Myndex/test/features/content/data/content_repository_impl_test.dart: ContentRepositoryImpl.create ÔÇö sanitization assigns id after create
WARNING (drift): It looks like you've created the database class AppDatabase multiple times. When these two databases use the same QueryExecutor, race conditions will occur and might corrupt the database. 
Try to follow the advice at https://drift.simonbinder.eu/faq/#using-the-database or, if you know what you're doing, set driftRuntimeOptions.dontWarnAboutMultipleDatabases = true
Here is the stacktrace from when the database was opened a second time:
#0      GeneratedDatabase._handleInstantiated (package:drift/src/runtime/api/db_base.dart:96:30)
#1      GeneratedDatabase._whenConstructed (package:drift/src/runtime/api/db_base.dart:73:12)
#2      new GeneratedDatabase (package:drift/src/runtime/api/db_base.dart:64:5)
#3      new _$AppDatabase (package:myndex/core/database/app_database.g.dart:1060:36)
#4      new AppDatabase.forTesting (package:myndex/core/database/app_database.dart)
#5      _makeRepo (file:///C:/Users/Ebisu/Desktop/FP/Proyectos/Myndex/Myndex/test/features/content/data/content_repository_impl_test.dart:10:26)
#6      main.<anonymous closure>.<anonymous closure> (file:///C:/Users/Ebisu/Desktop/FP/Proyectos/Myndex/Myndex/test/features/content/data/content_repository_impl_test.dart:87:20)
#7      Declarer.test.<anonymous closure>.<anonymous closure> (package:test_api/src/backend/declarer.dart:242:19)
<asynchronous suspension>
#8      Declarer.test.<anonymous closure> (package:test_api/src/backend/declarer.dart:240:7)
<asynchronous suspension>
#9      Invoker._waitForOutstandingCallbacks.<anonymous closure> (package:test_api/src/backend/invoker.dart:282:9)
<asynchronous suspension>
This warning will only appear on debug builds.
00:00 +38 -33: C:/Users/Ebisu/Desktop/FP/Proyectos/Myndex/Myndex/test/features/content/data/content_repository_impl_test.dart: ContentRepositoryImpl.create ÔÇö sanitization assigns id after create [E]
  Invalid argument(s): Failed to load dynamic library 'sqlite3.dll': The specified module could not be found.
   (error code: 126)
  dart:ffi                                                        new DynamicLibrary.open
  package:sqlite3/src/ffi/load_library.dart 81:27                 _defaultOpen
  package:sqlite3/src/ffi/load_library.dart 127:12                OpenDynamicLibrary.openSqlite
  package:sqlite3/src/ffi/api.dart 13:39                          sqlite3
  package:drift/native.dart 313:12                                _NativeDelegate.openDatabase
  package:drift/src/sqlite3/database.dart 79:19                   Sqlite3Delegate.open
  package:drift/src/runtime/executor/helpers/engines.dart 442:22  DelegatedDatabase.ensureOpen.<fn>
  
00:00 +38 -33: C:/Users/Ebisu/Desktop/FP/Proyectos/Myndex/Myndex/test/features/content/data/content_repository_impl_test.dart: ContentRepositoryImpl.update ÔÇö addedAt invariant preserves original addedAt even if caller sends different date
WARNING (drift): It looks like you've created the database class AppDatabase multiple times. When these two databases use the same QueryExecutor, race conditions will occur and might corrupt the database. 
Try to follow the advice at https://drift.simonbinder.eu/faq/#using-the-database or, if you know what you're doing, set driftRuntimeOptions.dontWarnAboutMultipleDatabases = true
Here is the stacktrace from when the database was opened a second time:
#0      GeneratedDatabase._handleInstantiated (package:drift/src/runtime/api/db_base.dart:96:30)
#1      GeneratedDatabase._whenConstructed (package:drift/src/runtime/api/db_base.dart:73:12)
#2      new GeneratedDatabase (package:drift/src/runtime/api/db_base.dart:64:5)
#3      new _$AppDatabase (package:myndex/core/database/app_database.g.dart:1060:36)
#4      new AppDatabase.forTesting (package:myndex/core/database/app_database.dart)
#5      _makeRepo (file:///C:/Users/Ebisu/Desktop/FP/Proyectos/Myndex/Myndex/test/features/content/data/content_repository_impl_test.dart:10:26)
#6      main.<anonymous closure>.<anonymous closure> (file:///C:/Users/Ebisu/Desktop/FP/Proyectos/Myndex/Myndex/test/features/content/data/content_repository_impl_test.dart:95:20)
#7      Declarer.test.<anonymous closure>.<anonymous closure> (package:test_api/src/backend/declarer.dart:242:19)
<asynchronous suspension>
#8      Declarer.test.<anonymous closure> (package:test_api/src/backend/declarer.dart:240:7)
<asynchronous suspension>
#9      Invoker._waitForOutstandingCallbacks.<anonymous closure> (package:test_api/src/backend/invoker.dart:282:9)
<asynchronous suspension>
This warning will only appear on debug builds.
00:00 +38 -34: C:/Users/Ebisu/Desktop/FP/Proyectos/Myndex/Myndex/test/features/content/data/content_repository_impl_test.dart: ContentRepositoryImpl.update ÔÇö addedAt invariant preserves original addedAt even if caller sends different date [E]
  Invalid argument(s): Failed to load dynamic library 'sqlite3.dll': The specified module could not be found.
   (error code: 126)
  dart:ffi                                                        new DynamicLibrary.open
  package:sqlite3/src/ffi/load_library.dart 81:27                 _defaultOpen
  package:sqlite3/src/ffi/load_library.dart 127:12                OpenDynamicLibrary.openSqlite
  package:sqlite3/src/ffi/api.dart 13:39                          sqlite3
  package:drift/native.dart 313:12                                _NativeDelegate.openDatabase
  package:drift/src/sqlite3/database.dart 79:19                   Sqlite3Delegate.open
  package:drift/src/runtime/executor/helpers/engines.dart 442:22  DelegatedDatabase.ensureOpen.<fn>
  
00:00 +38 -34: C:/Users/Ebisu/Desktop/FP/Proyectos/Myndex/Myndex/test/features/content/data/content_repository_impl_test.dart: ContentRepositoryImpl.update ÔÇö addedAt invariant update sanitizes title
WARNING (drift): It looks like you've created the database class AppDatabase multiple times. When these two databases use the same QueryExecutor, race conditions will occur and might corrupt the database. 
Try to follow the advice at https://drift.simonbinder.eu/faq/#using-the-database or, if you know what you're doing, set driftRuntimeOptions.dontWarnAboutMultipleDatabases = true
Here is the stacktrace from when the database was opened a second time:
#0      GeneratedDatabase._handleInstantiated (package:drift/src/runtime/api/db_base.dart:96:30)
#1      GeneratedDatabase._whenConstructed (package:drift/src/runtime/api/db_base.dart:73:12)
#2      new GeneratedDatabase (package:drift/src/runtime/api/db_base.dart:64:5)
#3      new _$AppDatabase (package:myndex/core/database/app_database.g.dart:1060:36)
#4      new AppDatabase.forTesting (package:myndex/core/database/app_database.dart)
#5      _makeRepo (file:///C:/Users/Ebisu/Desktop/FP/Proyectos/Myndex/Myndex/test/features/content/data/content_repository_impl_test.dart:10:26)
#6      main.<anonymous closure>.<anonymous closure> (file:///C:/Users/Ebisu/Desktop/FP/Proyectos/Myndex/Myndex/test/features/content/data/content_repository_impl_test.dart:112:20)
#7      Declarer.test.<anonymous closure>.<anonymous closure> (package:test_api/src/backend/declarer.dart:242:19)
<asynchronous suspension>
#8      Declarer.test.<anonymous closure> (package:test_api/src/backend/declarer.dart:240:7)
<asynchronous suspension>
#9      Invoker._waitForOutstandingCallbacks.<anonymous closure> (package:test_api/src/backend/invoker.dart:282:9)
<asynchronous suspension>
This warning will only appear on debug builds.
00:00 +38 -35: C:/Users/Ebisu/Desktop/FP/Proyectos/Myndex/Myndex/test/features/content/data/content_repository_impl_test.dart: ContentRepositoryImpl.update ÔÇö addedAt invariant update sanitizes title [E]
  Invalid argument(s): Failed to load dynamic library 'sqlite3.dll': The specified module could not be found.
   (error code: 126)
  dart:ffi                                                        new DynamicLibrary.open
  package:sqlite3/src/ffi/load_library.dart 81:27                 _defaultOpen
  package:sqlite3/src/ffi/load_library.dart 127:12                OpenDynamicLibrary.openSqlite
  package:sqlite3/src/ffi/api.dart 13:39                          sqlite3
  package:drift/native.dart 313:12                                _NativeDelegate.openDatabase
  package:drift/src/sqlite3/database.dart 79:19                   Sqlite3Delegate.open
  package:drift/src/runtime/executor/helpers/engines.dart 442:22  DelegatedDatabase.ensureOpen.<fn>
  
00:00 +38 -35: C:/Users/Ebisu/Desktop/FP/Proyectos/Myndex/Myndex/test/features/content/data/content_repository_impl_test.dart: ContentRepositoryImpl.update ÔÇö addedAt invariant update sanitizes imageUrl
WARNING (drift): It looks like you've created the database class AppDatabase multiple times. When these two databases use the same QueryExecutor, race conditions will occur and might corrupt the database. 
Try to follow the advice at https://drift.simonbinder.eu/faq/#using-the-database or, if you know what you're doing, set driftRuntimeOptions.dontWarnAboutMultipleDatabases = true
Here is the stacktrace from when the database was opened a second time:
#0      GeneratedDatabase._handleInstantiated (package:drift/src/runtime/api/db_base.dart:96:30)
#1      GeneratedDatabase._whenConstructed (package:drift/src/runtime/api/db_base.dart:73:12)
#2      new GeneratedDatabase (package:drift/src/runtime/api/db_base.dart:64:5)
#3      new _$AppDatabase (package:myndex/core/database/app_database.g.dart:1060:36)
#4      new AppDatabase.forTesting (package:myndex/core/database/app_database.dart)
#5      _makeRepo (file:///C:/Users/Ebisu/Desktop/FP/Proyectos/Myndex/Myndex/test/features/content/data/content_repository_impl_test.dart:10:26)
#6      main.<anonymous closure>.<anonymous closure> (file:///C:/Users/Ebisu/Desktop/FP/Proyectos/Myndex/Myndex/test/features/content/data/content_repository_impl_test.dart:121:20)
#7      Declarer.test.<anonymous closure>.<anonymous closure> (package:test_api/src/backend/declarer.dart:242:19)
<asynchronous suspension>
#8      Declarer.test.<anonymous closure> (package:test_api/src/backend/declarer.dart:240:7)
<asynchronous suspension>
#9      Invoker._waitForOutstandingCallbacks.<anonymous closure> (package:test_api/src/backend/invoker.dart:282:9)
<asynchronous suspension>
This warning will only appear on debug builds.
00:00 +38 -36: C:/Users/Ebisu/Desktop/FP/Proyectos/Myndex/Myndex/test/features/content/data/content_repository_impl_test.dart: ContentRepositoryImpl.update ÔÇö addedAt invariant update sanitizes imageUrl [E]
  Invalid argument(s): Failed to load dynamic library 'sqlite3.dll': The specified module could not be found.
   (error code: 126)
  dart:ffi                                                        new DynamicLibrary.open
  package:sqlite3/src/ffi/load_library.dart 81:27                 _defaultOpen
  package:sqlite3/src/ffi/load_library.dart 127:12                OpenDynamicLibrary.openSqlite
  package:sqlite3/src/ffi/api.dart 13:39                          sqlite3
  package:drift/native.dart 313:12                                _NativeDelegate.openDatabase
  package:drift/src/sqlite3/database.dart 79:19                   Sqlite3Delegate.open
  package:drift/src/runtime/executor/helpers/engines.dart 442:22  DelegatedDatabase.ensureOpen.<fn>
  
00:00 +38 -36: C:/Users/Ebisu/Desktop/FP/Proyectos/Myndex/Myndex/test/features/content/data/content_repository_impl_test.dart: ContentRepositoryImpl.update ÔÇö addedAt invariant throws StateError when item has no id
WARNING (drift): It looks like you've created the database class AppDatabase multiple times. When these two databases use the same QueryExecutor, race conditions will occur and might corrupt the database. 
Try to follow the advice at https://drift.simonbinder.eu/faq/#using-the-database or, if you know what you're doing, set driftRuntimeOptions.dontWarnAboutMultipleDatabases = true
Here is the stacktrace from when the database was opened a second time:
#0      GeneratedDatabase._handleInstantiated (package:drift/src/runtime/api/db_base.dart:96:30)
#1      GeneratedDatabase._whenConstructed (package:drift/src/runtime/api/db_base.dart:73:12)
#2      new GeneratedDatabase (package:drift/src/runtime/api/db_base.dart:64:5)
#3      new _$AppDatabase (package:myndex/core/database/app_database.g.dart:1060:36)
#4      new AppDatabase.forTesting (package:myndex/core/database/app_database.dart)
#5      _makeRepo (file:///C:/Users/Ebisu/Desktop/FP/Proyectos/Myndex/Myndex/test/features/content/data/content_repository_impl_test.dart:10:26)
#6      main.<anonymous closure>.<anonymous closure> (file:///C:/Users/Ebisu/Desktop/FP/Proyectos/Myndex/Myndex/test/features/content/data/content_repository_impl_test.dart:130:20)
#7      Declarer.test.<anonymous closure>.<anonymous closure> (package:test_api/src/backend/declarer.dart:242:19)
<asynchronous suspension>
#8      Declarer.test.<anonymous closure> (package:test_api/src/backend/declarer.dart:240:7)
<asynchronous suspension>
#9      Invoker._waitForOutstandingCallbacks.<anonymous closure> (package:test_api/src/backend/invoker.dart:282:9)
<asynchronous suspension>
This warning will only appear on debug builds.
00:00 +39 -36: C:/Users/Ebisu/Desktop/FP/Proyectos/Myndex/Myndex/test/features/content/data/content_repository_impl_test.dart: ContentRepositoryImpl.delete removes item from repository
WARNING (drift): It looks like you've created the database class AppDatabase multiple times. When these two databases use the same QueryExecutor, race conditions will occur and might corrupt the database. 
Try to follow the advice at https://drift.simonbinder.eu/faq/#using-the-database or, if you know what you're doing, set driftRuntimeOptions.dontWarnAboutMultipleDatabases = true
Here is the stacktrace from when the database was opened a second time:
#0      GeneratedDatabase._handleInstantiated (package:drift/src/runtime/api/db_base.dart:96:30)
#1      GeneratedDatabase._whenConstructed (package:drift/src/runtime/api/db_base.dart:73:12)
#2      new GeneratedDatabase (package:drift/src/runtime/api/db_base.dart:64:5)
#3      new _$AppDatabase (package:myndex/core/database/app_database.g.dart:1060:36)
#4      new AppDatabase.forTesting (package:myndex/core/database/app_database.dart)
#5      _makeRepo (file:///C:/Users/Ebisu/Desktop/FP/Proyectos/Myndex/Myndex/test/features/content/data/content_repository_impl_test.dart:10:26)
#6      main.<anonymous closure>.<anonymous closure> (file:///C:/Users/Ebisu/Desktop/FP/Proyectos/Myndex/Myndex/test/features/content/data/content_repository_impl_test.dart:140:20)
#7      Declarer.test.<anonymous closure>.<anonymous closure> (package:test_api/src/backend/declarer.dart:242:19)
<asynchronous suspension>
#8      Declarer.test.<anonymous closure> (package:test_api/src/backend/declarer.dart:240:7)
<asynchronous suspension>
#9      Invoker._waitForOutstandingCallbacks.<anonymous closure> (package:test_api/src/backend/invoker.dart:282:9)
<asynchronous suspension>
This warning will only appear on debug builds.
00:00 +39 -37: C:/Users/Ebisu/Desktop/FP/Proyectos/Myndex/Myndex/test/features/content/data/content_repository_impl_test.dart: ContentRepositoryImpl.delete removes item from repository [E]
  Invalid argument(s): Failed to load dynamic library 'sqlite3.dll': The specified module could not be found.
   (error code: 126)
  dart:ffi                                                        new DynamicLibrary.open
  package:sqlite3/src/ffi/load_library.dart 81:27                 _defaultOpen
  package:sqlite3/src/ffi/load_library.dart 127:12                OpenDynamicLibrary.openSqlite
  package:sqlite3/src/ffi/api.dart 13:39                          sqlite3
  package:drift/native.dart 313:12                                _NativeDelegate.openDatabase
  package:drift/src/sqlite3/database.dart 79:19                   Sqlite3Delegate.open
  package:drift/src/runtime/executor/helpers/engines.dart 442:22  DelegatedDatabase.ensureOpen.<fn>
  
00:00 +39 -37: C:/Users/Ebisu/Desktop/FP/Proyectos/Myndex/Myndex/test/features/content/data/content_repository_impl_test.dart: ContentRepositoryImpl.getAll ÔÇö filtering getAll no filters returns all
WARNING (drift): It looks like you've created the database class AppDatabase multiple times. When these two databases use the same QueryExecutor, race conditions will occur and might corrupt the database. 
Try to follow the advice at https://drift.simonbinder.eu/faq/#using-the-database or, if you know what you're doing, set driftRuntimeOptions.dontWarnAboutMultipleDatabases = true
Here is the stacktrace from when the database was opened a second time:
#0      GeneratedDatabase._handleInstantiated (package:drift/src/runtime/api/db_base.dart:96:30)
#1      GeneratedDatabase._whenConstructed (package:drift/src/runtime/api/db_base.dart:73:12)
#2      new GeneratedDatabase (package:drift/src/runtime/api/db_base.dart:64:5)
#3      new _$AppDatabase (package:myndex/core/database/app_database.g.dart:1060:36)
#4      new AppDatabase.forTesting (package:myndex/core/database/app_database.dart)
#5      _makeRepo (file:///C:/Users/Ebisu/Desktop/FP/Proyectos/Myndex/Myndex/test/features/content/data/content_repository_impl_test.dart:10:26)
#6      main.<anonymous closure>.<anonymous closure> (file:///C:/Users/Ebisu/Desktop/FP/Proyectos/Myndex/Myndex/test/features/content/data/content_repository_impl_test.dart:152:14)
#7      Declarer._runSetUps.<anonymous closure> (package:test_api/src/backend/declarer.dart:403:61)
#8      Future.forEach.<anonymous closure> (dart:async/future.dart:674:26)
#9      Future.doWhile.<anonymous closure> (dart:async/future.dart:732:26)
#10     StackZoneSpecification._registerUnaryCallback.<anonymous closure>.<anonymous closure> (package:stack_trace/src/stack_zone_specification.dart:127:36)
#11     StackZoneSpecification._run (package:stack_trace/src/stack_zone_specification.dart:207:15)
#12     StackZoneSpecification._registerUnaryCallback.<anonymous closure> (package:stack_trace/src/stack_zone_specification.dart:127:24)
#13     _rootRunUnary (dart:async/zone.dart:1538:47)
#14     _CustomZone.runUnary (dart:async/zone.dart:1429:19)
#15     _CustomZone.runUnaryGuarded (dart:async/zone.dart:1329:7)
#16     _CustomZone.bindUnaryCallbackGuarded.<anonymous closure> (dart:async/zone.dart:1367:26)
#17     Future.doWhile (dart:async/future.dart:749:18)
#18     Future.forEach (dart:async/future.dart:672:12)
#19     Declarer._runSetUps (package:test_api/src/backend/declarer.dart:403:18)
<asynchronous suspension>
#20     Declarer.test.<anonymous closure>.<anonymous closure> (package:test_api/src/backend/declarer.dart:241:9)
<asynchronous suspension>
#21     Declarer.test.<anonymous closure> (package:test_api/src/backend/declarer.dart:240:7)
<asynchronous suspension>
#22     Invoker._waitForOutstandingCallbacks.<anonymous closure> (package:test_api/src/backend/invoker.dart:282:9)
<asynchronous suspension>
This warning will only appear on debug builds.
00:00 +39 -38: C:/Users/Ebisu/Desktop/FP/Proyectos/Myndex/Myndex/test/features/content/data/content_repository_impl_test.dart: ContentRepositoryImpl.getAll ÔÇö filtering getAll no filters returns all [E]
  Invalid argument(s): Failed to load dynamic library 'sqlite3.dll': The specified module could not be found.
   (error code: 126)
  dart:ffi                                                        new DynamicLibrary.open
  package:sqlite3/src/ffi/load_library.dart 81:27                 _defaultOpen
  package:sqlite3/src/ffi/load_library.dart 127:12                OpenDynamicLibrary.openSqlite
  package:sqlite3/src/ffi/api.dart 13:39                          sqlite3
  package:drift/native.dart 313:12                                _NativeDelegate.openDatabase
  package:drift/src/sqlite3/database.dart 79:19                   Sqlite3Delegate.open
  package:drift/src/runtime/executor/helpers/engines.dart 442:22  DelegatedDatabase.ensureOpen.<fn>
  
00:00 +39 -38: C:/Users/Ebisu/Desktop/FP/Proyectos/Myndex/Myndex/test/features/content/data/content_repository_impl_test.dart: ContentRepositoryImpl.getAll ÔÇö filtering filterType narrows results
WARNING (drift): It looks like you've created the database class AppDatabase multiple times. When these two databases use the same QueryExecutor, race conditions will occur and might corrupt the database. 
Try to follow the advice at https://drift.simonbinder.eu/faq/#using-the-database or, if you know what you're doing, set driftRuntimeOptions.dontWarnAboutMultipleDatabases = true
Here is the stacktrace from when the database was opened a second time:
#0      GeneratedDatabase._handleInstantiated (package:drift/src/runtime/api/db_base.dart:96:30)
#1      GeneratedDatabase._whenConstructed (package:drift/src/runtime/api/db_base.dart:73:12)
#2      new GeneratedDatabase (package:drift/src/runtime/api/db_base.dart:64:5)
#3      new _$AppDatabase (package:myndex/core/database/app_database.g.dart:1060:36)
#4      new AppDatabase.forTesting (package:myndex/core/database/app_database.dart)
#5      _makeRepo (file:///C:/Users/Ebisu/Desktop/FP/Proyectos/Myndex/Myndex/test/features/content/data/content_repository_impl_test.dart:10:26)
#6      main.<anonymous closure>.<anonymous closure> (file:///C:/Users/Ebisu/Desktop/FP/Proyectos/Myndex/Myndex/test/features/content/data/content_repository_impl_test.dart:152:14)
#7      Declarer._runSetUps.<anonymous closure> (package:test_api/src/backend/declarer.dart:403:61)
#8      Future.forEach.<anonymous closure> (dart:async/future.dart:674:26)
#9      Future.doWhile.<anonymous closure> (dart:async/future.dart:732:26)
#10     StackZoneSpecification._registerUnaryCallback.<anonymous closure>.<anonymous closure> (package:stack_trace/src/stack_zone_specification.dart:127:36)
#11     StackZoneSpecification._run (package:stack_trace/src/stack_zone_specification.dart:207:15)
#12     StackZoneSpecification._registerUnaryCallback.<anonymous closure> (package:stack_trace/src/stack_zone_specification.dart:127:24)
#13     _rootRunUnary (dart:async/zone.dart:1538:47)
#14     _CustomZone.runUnary (dart:async/zone.dart:1429:19)
#15     _CustomZone.runUnaryGuarded (dart:async/zone.dart:1329:7)
#16     _CustomZone.bindUnaryCallbackGuarded.<anonymous closure> (dart:async/zone.dart:1367:26)
#17     Future.doWhile (dart:async/future.dart:749:18)
#18     Future.forEach (dart:async/future.dart:672:12)
#19     Declarer._runSetUps (package:test_api/src/backend/declarer.dart:403:18)
<asynchronous suspension>
#20     Declarer.test.<anonymous closure>.<anonymous closure> (package:test_api/src/backend/declarer.dart:241:9)
<asynchronous suspension>
#21     Declarer.test.<anonymous closure> (package:test_api/src/backend/declarer.dart:240:7)
<asynchronous suspension>
#22     Invoker._waitForOutstandingCallbacks.<anonymous closure> (package:test_api/src/backend/invoker.dart:282:9)
<asynchronous suspension>
This warning will only appear on debug builds.
00:00 +39 -39: C:/Users/Ebisu/Desktop/FP/Proyectos/Myndex/Myndex/test/features/content/domain/content_item_test.dart: ContentItem defaults isFavorite defaults to false
00:00 +39 -39: C:/Users/Ebisu/Desktop/FP/Proyectos/Myndex/Myndex/test/features/content/data/content_repository_impl_test.dart: ContentRepositoryImpl.getAll ÔÇö filtering filterType narrows results [E]
  Invalid argument(s): Failed to load dynamic library 'sqlite3.dll': The specified module could not be found.
   (error code: 126)
  dart:ffi                                                        new DynamicLibrary.open
  package:sqlite3/src/ffi/load_library.dart 81:27                 _defaultOpen
  package:sqlite3/src/ffi/load_library.dart 127:12                OpenDynamicLibrary.openSqlite
  package:sqlite3/src/ffi/api.dart 13:39                          sqlite3
  package:drift/native.dart 313:12                                _NativeDelegate.openDatabase
  package:drift/src/sqlite3/database.dart 79:19                   Sqlite3Delegate.open
  package:drift/src/runtime/executor/helpers/engines.dart 442:22  DelegatedDatabase.ensureOpen.<fn>
  
00:00 +39 -39: C:/Users/Ebisu/Desktop/FP/Proyectos/Myndex/Myndex/test/features/content/data/content_repository_impl_test.dart: ContentRepositoryImpl.getAll ÔÇö filtering filterStatus narrows results
WARNING (drift): It looks like you've created the database class AppDatabase multiple times. When these two databases use the same QueryExecutor, race conditions will occur and might corrupt the database. 
Try to follow the advice at https://drift.simonbinder.eu/faq/#using-the-database or, if you know what you're doing, set driftRuntimeOptions.dontWarnAboutMultipleDatabases = true
Here is the stacktrace from when the database was opened a second time:
#0      GeneratedDatabase._handleInstantiated (package:drift/src/runtime/api/db_base.dart:96:30)
#1      GeneratedDatabase._whenConstructed (package:drift/src/runtime/api/db_base.dart:73:12)
#2      new GeneratedDatabase (package:drift/src/runtime/api/db_base.dart:64:5)
#3      new _$AppDatabase (package:myndex/core/database/app_database.g.dart:1060:36)
#4      new AppDatabase.forTesting (package:myndex/core/database/app_database.dart)
#5      _makeRepo (file:///C:/Users/Ebisu/Desktop/FP/Proyectos/Myndex/Myndex/test/features/content/data/content_repository_impl_test.dart:10:26)
#6      main.<anonymous closure>.<anonymous closure> (file:///C:/Users/Ebisu/Desktop/FP/Proyectos/Myndex/Myndex/test/features/content/data/content_repository_impl_test.dart:152:14)
#7      Declarer._runSetUps.<anonymous closure> (package:test_api/src/backend/declarer.dart:403:61)
#8      Future.forEach.<anonymous closure> (dart:async/future.dart:674:26)
#9      Future.doWhile.<anonymous closure> (dart:async/future.dart:732:26)
#10     StackZoneSpecification._registerUnaryCallback.<anonymous closure>.<anonymous closure> (package:stack_trace/src/stack_zone_specification.dart:127:36)
#11     StackZoneSpecification._run (package:stack_trace/src/stack_zone_specification.dart:207:15)
#12     StackZoneSpecification._registerUnaryCallback.<anonymous closure> (package:stack_trace/src/stack_zone_specification.dart:127:24)
#13     _rootRunUnary (dart:async/zone.dart:1538:47)
#14     _CustomZone.runUnary (dart:async/zone.dart:1429:19)
#15     _CustomZone.runUnaryGuarded (dart:async/zone.dart:1329:7)
#16     _CustomZone.bindUnaryCallbackGuarded.<anonymous closure> (dart:async/zone.dart:1367:26)
#17     Future.doWhile (dart:async/future.dart:749:18)
#18     Future.forEach (dart:async/future.dart:672:12)
#19     Declarer._runSetUps (package:test_api/src/backend/declarer.dart:403:18)
00:00 +40 -39: C:/Users/Ebisu/Desktop/FP/Proyectos/Myndex/Myndex/test/features/content/data/content_repository_impl_test.dart: ContentRepositoryImpl.getAll ÔÇö filtering filterStatus narrows results
<asynchronous suspension>
#20     Declarer.test.<anonymous closure>.<anonymous closure> (package:test_api/src/backend/declarer.dart:241:9)
<asynchronous suspension>
#21     Declarer.test.<anonymous closure> (package:test_api/src/backend/declarer.dart:240:7)
<asynchronous suspension>
00:00 +41 -39: C:/Users/Ebisu/Desktop/FP/Proyectos/Myndex/Myndex/test/features/content/data/content_repository_impl_test.dart: ContentRepositoryImpl.getAll ÔÇö filtering filterStatus narrows results
#22     Invoker._waitForOutstandingCallbacks.<anonymous closure> (package:test_api/src/backend/invoker.dart:282:9)
<asynchronous suspension>
This warning will only appear on debug builds.
00:00 +41 -40: C:/Users/Ebisu/Desktop/FP/Proyectos/Myndex/Myndex/test/features/content/domain/content_item_test.dart: ContentItem defaults genre defaults to null
00:00 +41 -40: C:/Users/Ebisu/Desktop/FP/Proyectos/Myndex/Myndex/test/features/content/data/content_repository_impl_test.dart: ContentRepositoryImpl.getAll ÔÇö filtering filterStatus narrows results [E]
  Invalid argument(s): Failed to load dynamic library 'sqlite3.dll': The specified module could not be found.
   (error code: 126)
  dart:ffi                                                        new DynamicLibrary.open
  package:sqlite3/src/ffi/load_library.dart 81:27                 _defaultOpen
  package:sqlite3/src/ffi/load_library.dart 127:12                OpenDynamicLibrary.openSqlite
  package:sqlite3/src/ffi/api.dart 13:39                          sqlite3
  package:drift/native.dart 313:12                                _NativeDelegate.openDatabase
  package:drift/src/sqlite3/database.dart 79:19                   Sqlite3Delegate.open
  package:drift/src/runtime/executor/helpers/engines.dart 442:22  DelegatedDatabase.ensureOpen.<fn>
  
00:00 +42 -40: C:/Users/Ebisu/Desktop/FP/Proyectos/Myndex/Myndex/test/features/content/data/content_repository_impl_test.dart: ContentRepositoryImpl.getAll ÔÇö filtering minScore filter works
00:00 +43 -40: C:/Users/Ebisu/Desktop/FP/Proyectos/Myndex/Myndex/test/features/content/data/content_repository_impl_test.dart: ContentRepositoryImpl.getAll ÔÇö filtering minScore filter works
WARNING (drift): It looks like you've created the database class AppDatabase multiple times. When these two databases use the same QueryExecutor, race conditions will occur and might corrupt the database. 
Try to follow the advice at https://drift.simonbinder.eu/faq/#using-the-database or, if you know what you're doing, set driftRuntimeOptions.dontWarnAboutMultipleDatabases = true
Here is the stacktrace from when the database was opened a second time:
#0      GeneratedDatabase._handleInstantiated (package:drift/src/runtime/api/db_base.dart:96:30)
#1      GeneratedDatabase._whenConstructed (package:drift/src/runtime/api/db_base.dart:73:12)
#2      new GeneratedDatabase (package:drift/src/runtime/api/db_base.dart:64:5)
#3      new _$AppDatabase (package:myndex/core/database/app_database.g.dart:1060:36)
#4      new AppDatabase.forTesting (package:myndex/core/database/app_database.dart)
#5      _makeRepo (file:///C:/Users/Ebisu/Desktop/FP/Proyectos/Myndex/Myndex/test/features/content/data/content_repository_impl_test.dart:10:26)
#6      main.<anonymous closure>.<anonymous closure> (file:///C:/Users/Ebisu/Desktop/FP/Proyectos/Myndex/Myndex/test/features/content/data/content_repository_impl_test.dart:152:14)
#7      Declarer._runSetUps.<anonymous closure> (package:test_api/src/backend/declarer.dart:403:61)
#8      Future.forEach.<anonymous closure> (dart:async/future.dart:674:26)
#9      Future.doWhile.<anonymous closure> (dart:async/future.dart:732:26)
#10     StackZoneSpecification._registerUnaryCallback.<anonymous closure>.<anonymous closure> (package:stack_trace/src/stack_zone_specification.dart:127:36)
#11     StackZoneSpecification._run (package:stack_trace/src/stack_zone_specification.dart:207:15)
#12     StackZoneSpecification._registerUnaryCallback.<anonymous closure> (package:stack_trace/src/stack_zone_specification.dart:127:24)
#13     _rootRunUnary (dart:async/zone.dart:1538:47)
#14     _CustomZone.runUnary (dart:async/zone.dart:1429:19)
#15     _CustomZone.runUnaryGuarded (dart:async/zone.dart:1329:7)
00:00 +44 -40: C:/Users/Ebisu/Desktop/FP/Proyectos/Myndex/Myndex/test/features/content/data/content_repository_impl_test.dart: ContentRepositoryImpl.getAll ÔÇö filtering minScore filter works
#16     _CustomZone.bindUnaryCallbackGuarded.<anonymous closure> (dart:async/zone.dart:1367:26)
#17     Future.doWhile (dart:async/future.dart:749:18)
#18     Future.forEach (dart:async/future.dart:672:12)
#19     Declarer._runSetUps (package:test_api/src/backend/declarer.dart:403:18)
<asynchronous suspension>
#20     Declarer.test.<anonymous closure>.<anonymous closure> (package:test_api/src/backend/declarer.dart:241:9)
<asynchronous suspension>
#21     Declarer.test.<anonymous closure> (package:test_api/src/backend/declarer.dart:240:7)
<asynchronous suspension>
#22     Invoker._waitForOutstandingCallbacks.<anonymous closure> (package:test_api/src/backend/invoker.dart:282:9)
<asynchronous suspension>
This warning will only appear on debug builds.
00:00 +44 -41: C:/Users/Ebisu/Desktop/FP/Proyectos/Myndex/Myndex/test/features/content/domain/content_item_test.dart: ContentItem.copyWith clearNotes sets notes to null
00:00 +44 -41: C:/Users/Ebisu/Desktop/FP/Proyectos/Myndex/Myndex/test/features/content/data/content_repository_impl_test.dart: ContentRepositoryImpl.getAll ÔÇö filtering minScore filter works [E]
  Invalid argument(s): Failed to load dynamic library 'sqlite3.dll': The specified module could not be found.
   (error code: 126)
  dart:ffi                                                        new DynamicLibrary.open
  package:sqlite3/src/ffi/load_library.dart 81:27                 _defaultOpen
  package:sqlite3/src/ffi/load_library.dart 127:12                OpenDynamicLibrary.openSqlite
  package:sqlite3/src/ffi/api.dart 13:39                          sqlite3
  package:drift/native.dart 313:12                                _NativeDelegate.openDatabase
  package:drift/src/sqlite3/database.dart 79:19                   Sqlite3Delegate.open
  package:drift/src/runtime/executor/helpers/engines.dart 442:22  DelegatedDatabase.ensureOpen.<fn>
  
00:00 +45 -41: C:/Users/Ebisu/Desktop/FP/Proyectos/Myndex/Myndex/test/features/content/data/content_repository_impl_test.dart: ContentRepositoryImpl.importAll skips duplicate title+type by default
00:00 +46 -41: C:/Users/Ebisu/Desktop/FP/Proyectos/Myndex/Myndex/test/features/content/data/content_repository_impl_test.dart: ContentRepositoryImpl.importAll skips duplicate title+type by default
WARNING (drift): It looks like you've created the database class AppDatabase multiple times. When these two databases use the same QueryExecutor, race conditions will occur and might corrupt the database. 
Try to follow the advice at https://drift.simonbinder.eu/faq/#using-the-database or, if you know what you're doing, set driftRuntimeOptions.dontWarnAboutMultipleDatabases = true
Here is the stacktrace from when the database was opened a second time:
#0      GeneratedDatabase._handleInstantiated (package:drift/src/runtime/api/db_base.dart:96:30)
#1      GeneratedDatabase._whenConstructed (package:drift/src/runtime/api/db_base.dart:73:12)
#2      new GeneratedDatabase (package:drift/src/runtime/api/db_base.dart:64:5)
#3      new _$AppDatabase (package:myndex/core/database/app_database.g.dart:1060:36)
#4      new AppDatabase.forTesting (package:myndex/core/database/app_database.dart)
#5      _makeRepo (file:///C:/Users/Ebisu/Desktop/FP/Proyectos/Myndex/Myndex/test/features/content/data/content_repository_impl_test.dart:10:26)
#6      main.<anonymous closure>.<anonymous closure> (file:///C:/Users/Ebisu/Desktop/FP/Proyectos/Myndex/Myndex/test/features/content/data/content_repository_impl_test.dart:190:20)
#7      Declarer.test.<anonymous closure>.<anonymous closure> (package:test_api/src/backend/declarer.dart:242:19)
<asynchronous suspension>
#8      Declarer.test.<anonymous closure> (package:test_api/src/backend/declarer.dart:240:7)
<asynchronous suspension>
#9      Invoker._waitForOutstandingCallbacks.<anonymous closure> (package:test_api/src/backend/invoker.dart:282:9)
<asynchronous suspension>
This warning will only appear on debug builds.
00:00 +46 -42: C:/Users/Ebisu/Desktop/FP/Proyectos/Myndex/Myndex/test/features/content/domain/content_item_test.dart: ContentItem.copyWith clearImageUrl sets imageUrl to null
00:00 +46 -42: C:/Users/Ebisu/Desktop/FP/Proyectos/Myndex/Myndex/test/features/content/data/content_repository_impl_test.dart: ContentRepositoryImpl.importAll skips duplicate title+type by default [E]
  Invalid argument(s): Failed to load dynamic library 'sqlite3.dll': The specified module could not be found.
   (error code: 126)
  dart:ffi                                                        new DynamicLibrary.open
  package:sqlite3/src/ffi/load_library.dart 81:27                 _defaultOpen
  package:sqlite3/src/ffi/load_library.dart 127:12                OpenDynamicLibrary.openSqlite
  package:sqlite3/src/ffi/api.dart 13:39                          sqlite3
  package:drift/native.dart 313:12                                _NativeDelegate.openDatabase
  package:drift/src/sqlite3/database.dart 79:19                   Sqlite3Delegate.open
  package:drift/src/runtime/executor/helpers/engines.dart 442:22  DelegatedDatabase.ensureOpen.<fn>
  
00:00 +47 -42: C:/Users/Ebisu/Desktop/FP/Proyectos/Myndex/Myndex/test/features/content/data/content_repository_impl_test.dart: ContentRepositoryImpl.importAll skipDuplicates false inserts all
00:01 +48 -42: C:/Users/Ebisu/Desktop/FP/Proyectos/Myndex/Myndex/test/features/content/data/content_repository_impl_test.dart: ContentRepositoryImpl.importAll skipDuplicates false inserts all
WARNING (drift): It looks like you've created the database class AppDatabase multiple times. When these two databases use the same QueryExecutor, race conditions will occur and might corrupt the database. 
Try to follow the advice at https://drift.simonbinder.eu/faq/#using-the-database or, if you know what you're doing, set driftRuntimeOptions.dontWarnAboutMultipleDatabases = true
00:01 +49 -42: C:/Users/Ebisu/Desktop/FP/Proyectos/Myndex/Myndex/test/features/content/data/content_repository_impl_test.dart: ContentRepositoryImpl.importAll skipDuplicates false inserts all
Here is the stacktrace from when the database was opened a second time:
#0      GeneratedDatabase._handleInstantiated (package:drift/src/runtime/api/db_base.dart:96:30)
#1      GeneratedDatabase._whenConstructed (package:drift/src/runtime/api/db_base.dart:73:12)
#2      new GeneratedDatabase (package:drift/src/runtime/api/db_base.dart:64:5)
#3      new _$AppDatabase (package:myndex/core/database/app_database.g.dart:1060:36)
#4      new AppDatabase.forTesting (package:myndex/core/database/app_database.dart)
#5      _makeRepo (file:///C:/Users/Ebisu/Desktop/FP/Proyectos/Myndex/Myndex/test/features/content/data/content_repository_impl_test.dart:10:26)
#6      main.<anonymous closure>.<anonymous closure> (file:///C:/Users/Ebisu/Desktop/FP/Proyectos/Myndex/Myndex/test/features/content/data/content_repository_impl_test.dart:218:20)
#7      Declarer.test.<anonymous closure>.<anonymous closure> (package:test_api/src/backend/declarer.dart:242:19)
<asynchronous suspension>
#8      Declarer.test.<anonymous closure> (package:test_api/src/backend/declarer.dart:240:7)
<asynchronous suspension>
#9      Invoker._waitForOutstandingCallbacks.<anonymous closure> (package:test_api/src/backend/invoker.dart:282:9)
<asynchronous suspension>
This warning will only appear on debug builds.
00:01 +49 -43: C:/Users/Ebisu/Desktop/FP/Proyectos/Myndex/Myndex/test/features/content/domain/content_item_test.dart: ContentItem.copyWith addedAt preserved when not specified
00:01 +49 -43: C:/Users/Ebisu/Desktop/FP/Proyectos/Myndex/Myndex/test/features/content/data/content_repository_impl_test.dart: ContentRepositoryImpl.importAll skipDuplicates false inserts all [E]
  Invalid argument(s): Failed to load dynamic library 'sqlite3.dll': The specified module could not be found.
   (error code: 126)
  dart:ffi                                                        new DynamicLibrary.open
  package:sqlite3/src/ffi/load_library.dart 81:27                 _defaultOpen
  package:sqlite3/src/ffi/load_library.dart 127:12                OpenDynamicLibrary.openSqlite
  package:sqlite3/src/ffi/api.dart 13:39                          sqlite3
  package:drift/native.dart 313:12                                _NativeDelegate.openDatabase
  package:drift/src/sqlite3/database.dart 79:19                   Sqlite3Delegate.open
  package:drift/src/runtime/executor/helpers/engines.dart 442:22  DelegatedDatabase.ensureOpen.<fn>
  
00:01 +50 -43: C:/Users/Ebisu/Desktop/FP/Proyectos/Myndex/Myndex/test/features/content/data/content_repository_impl_test.dart: ContentRepositoryImpl.importAll skips malformed JSON entries without aborting batch
00:01 +51 -43: C:/Users/Ebisu/Desktop/FP/Proyectos/Myndex/Myndex/test/features/content/data/content_repository_impl_test.dart: ContentRepositoryImpl.importAll skips malformed JSON entries without aborting batch
00:01 +52 -43: C:/Users/Ebisu/Desktop/FP/Proyectos/Myndex/Myndex/test/features/content/data/content_repository_impl_test.dart: ContentRepositoryImpl.importAll skips malformed JSON entries without aborting batch
00:01 +53 -43: C:/Users/Ebisu/Desktop/FP/Proyectos/Myndex/Myndex/test/features/content/data/content_repository_impl_test.dart: ContentRepositoryImpl.importAll skips malformed JSON entries without aborting batch
WARNING (drift): It looks like you've created the database class AppDatabase multiple times. When these two databases use the same QueryExecutor, race conditions will occur and might corrupt the database. 
00:01 +54 -43: C:/Users/Ebisu/Desktop/FP/Proyectos/Myndex/Myndex/test/features/content/data/content_repository_impl_test.dart: ContentRepositoryImpl.importAll skips malformed JSON entries without aborting batch
Try to follow the advice at https://drift.simonbinder.eu/faq/#using-the-database or, if you know what you're doing, set driftRuntimeOptions.dontWarnAboutMultipleDatabases = true
Here is the stacktrace from when the database was opened a second time:
#0      GeneratedDatabase._handleInstantiated (package:drift/src/runtime/api/db_base.dart:96:30)
#1      GeneratedDatabase._whenConstructed (package:drift/src/runtime/api/db_base.dart:73:12)
#2      new GeneratedDatabase (package:drift/src/runtime/api/db_base.dart:64:5)
#3      new _$AppDatabase (package:myndex/core/database/app_database.g.dart:1060:36)
#4      new AppDatabase.forTesting (package:myndex/core/database/app_database.dart)
#5      _makeRepo (file:///C:/Users/Ebisu/Desktop/FP/Proyectos/Myndex/Myndex/test/features/content/data/content_repository_impl_test.dart:10:26)
#6      main.<anonymous closure>.<anonymous closure> (file:///C:/Users/Ebisu/Desktop/FP/Proyectos/Myndex/Myndex/test/features/content/data/content_repository_impl_test.dart:238:20)
#7      Declarer.test.<anonymous closure>.<anonymous closure> (package:test_api/src/backend/declarer.dart:242:19)
<asynchronous suspension>
#8      Declarer.test.<anonymous closure> (package:test_api/src/backend/declarer.dart:240:7)
<asynchronous suspension>
#9      Invoker._waitForOutstandingCallbacks.<anonymous closure> (package:test_api/src/backend/invoker.dart:282:9)
<asynchronous suspension>
This warning will only appear on debug builds.
00:01 +54 -44: C:/Users/Ebisu/Desktop/FP/Proyectos/Myndex/Myndex/test/features/content/domain/content_item_test.dart: ContentItem.toJson / fromJson round-trip fromJson throws FormatException on empty title
00:01 +54 -44: C:/Users/Ebisu/Desktop/FP/Proyectos/Myndex/Myndex/test/features/content/data/content_repository_impl_test.dart: ContentRepositoryImpl.importAll skips malformed JSON entries without aborting batch [E]
  Invalid argument(s): Failed to load dynamic library 'sqlite3.dll': The specified module could not be found.
   (error code: 126)
  dart:ffi                                                        new DynamicLibrary.open
  package:sqlite3/src/ffi/load_library.dart 81:27                 _defaultOpen
  package:sqlite3/src/ffi/load_library.dart 127:12                OpenDynamicLibrary.openSqlite
  package:sqlite3/src/ffi/api.dart 13:39                          sqlite3
  package:drift/native.dart 313:12                                _NativeDelegate.openDatabase
  package:drift/src/sqlite3/database.dart 79:19                   Sqlite3Delegate.open
  package:drift/src/runtime/executor/helpers/engines.dart 442:22  DelegatedDatabase.ensureOpen.<fn>
  
00:01 +55 -44: C:/Users/Ebisu/Desktop/FP/Proyectos/Myndex/Myndex/test/features/content/domain/content_item_test.dart: ContentItem.toJson / fromJson round-trip fromJson throws FormatException on unknown type
00:01 +56 -44: C:/Users/Ebisu/Desktop/FP/Proyectos/Myndex/Myndex/test/features/content/domain/content_item_test.dart: ContentItem.toJson / fromJson round-trip fromJson throws FormatException on unknown status
00:01 +57 -44: C:/Users/Ebisu/Desktop/FP/Proyectos/Myndex/Myndex/test/features/content/domain/content_item_test.dart: ContentItem.toJson / fromJson round-trip fromJson throws FormatException on bad addedAt date
00:01 +58 -44: C:/Users/Ebisu/Desktop/FP/Proyectos/Myndex/Myndex/test/features/content/domain/content_item_test.dart: ContentItem.toJson / fromJson round-trip fromJson handles null optional fields
00:01 +59 -44: C:/Users/Ebisu/Desktop/FP/Proyectos/Myndex/Myndex/test/features/content/presentation/providers/filter_state_test.dart: FilterState defaults all fields are null by default
00:01 +60 -44: C:/Users/Ebisu/Desktop/FP/Proyectos/Myndex/Myndex/test/features/content/presentation/providers/filter_state_test.dart: FilterState.copyWith ÔÇö set values set type
00:01 +61 -44: C:/Users/Ebisu/Desktop/FP/Proyectos/Myndex/Myndex/test/features/content/presentation/providers/filter_state_test.dart: FilterState.copyWith ÔÇö set values set status
00:01 +62 -44: C:/Users/Ebisu/Desktop/FP/Proyectos/Myndex/Myndex/test/features/content/presentation/providers/filter_state_test.dart: FilterState.copyWith ÔÇö set values set minScore
00:01 +63 -44: C:/Users/Ebisu/Desktop/FP/Proyectos/Myndex/Myndex/test/features/content/presentation/providers/filter_state_test.dart: FilterState.copyWith ÔÇö set values preserves other fields when setting one
00:01 +64 -44: C:/Users/Ebisu/Desktop/FP/Proyectos/Myndex/Myndex/test/features/content/presentation/providers/filter_state_test.dart: FilterState.copyWith ÔÇö clear flags clearType sets type to null
00:01 +65 -44: C:/Users/Ebisu/Desktop/FP/Proyectos/Myndex/Myndex/test/features/content/presentation/providers/filter_state_test.dart: FilterState.copyWith ÔÇö clear flags clearStatus sets status to null
00:01 +66 -44: C:/Users/Ebisu/Desktop/FP/Proyectos/Myndex/Myndex/test/features/content/presentation/providers/filter_state_test.dart: FilterState.copyWith ÔÇö clear flags clearScore sets minScore to null
00:01 +67 -44: C:/Users/Ebisu/Desktop/FP/Proyectos/Myndex/Myndex/test/features/content/presentation/providers/filter_state_test.dart: FilterState.copyWith ÔÇö clear flags clear flag wins over simultaneous value
00:01 +68 -44: C:/Users/Ebisu/Desktop/FP/Proyectos/Myndex/Myndex/test/features/stats/domain/library_stats_test.dart: LibraryStats.empty total is 0
00:01 +69 -44: C:/Users/Ebisu/Desktop/FP/Proyectos/Myndex/Myndex/test/features/stats/domain/library_stats_test.dart: LibraryStats.empty averageScore is null
00:01 +70 -44: C:/Users/Ebisu/Desktop/FP/Proyectos/Myndex/Myndex/test/features/stats/domain/library_stats_test.dart: LibraryStats.empty topRated is empty
00:01 +71 -44: C:/Users/Ebisu/Desktop/FP/Proyectos/Myndex/Myndex/test/features/stats/domain/library_stats_test.dart: LibraryStats.compute ÔÇö totals total counts all items
00:01 +72 -44: C:/Users/Ebisu/Desktop/FP/Proyectos/Myndex/Myndex/test/features/stats/domain/library_stats_test.dart: LibraryStats.compute ÔÇö totals returns empty when list is empty
00:01 +73 -44: C:/Users/Ebisu/Desktop/FP/Proyectos/Myndex/Myndex/test/features/stats/domain/library_stats_test.dart: LibraryStats.compute ÔÇö totals counts favorites correctly
00:01 +74 -44: C:/Users/Ebisu/Desktop/FP/Proyectos/Myndex/Myndex/test/features/stats/domain/library_stats_test.dart: LibraryStats.compute ÔÇö byType groups items by type
00:01 +75 -44: C:/Users/Ebisu/Desktop/FP/Proyectos/Myndex/Myndex/test/features/stats/domain/library_stats_test.dart: LibraryStats.compute ÔÇö byStatus groups items by status
00:01 +76 -44: C:/Users/Ebisu/Desktop/FP/Proyectos/Myndex/Myndex/test/features/stats/domain/library_stats_test.dart: LibraryStats.compute ÔÇö byStatus completed getter returns 0 when no completed items
00:01 +77 -44: C:/Users/Ebisu/Desktop/FP/Proyectos/Myndex/Myndex/test/features/stats/domain/library_stats_test.dart: LibraryStats.compute ÔÇö byStatus completionRate is correct
00:01 +78 -44: C:/Users/Ebisu/Desktop/FP/Proyectos/Myndex/Myndex/test/features/stats/domain/library_stats_test.dart: LibraryStats.compute ÔÇö byStatus completionRate is 0 when total is 0
00:01 +79 -44: C:/Users/Ebisu/Desktop/FP/Proyectos/Myndex/Myndex/test/features/stats/domain/library_stats_test.dart: LibraryStats.compute ÔÇö averageScore null when no items have scores
00:01 +80 -44: C:/Users/Ebisu/Desktop/FP/Proyectos/Myndex/Myndex/test/features/stats/domain/library_stats_test.dart: LibraryStats.compute ÔÇö averageScore correct average of multiple scores
00:01 +81 -44: C:/Users/Ebisu/Desktop/FP/Proyectos/Myndex/Myndex/test/features/stats/domain/library_stats_test.dart: LibraryStats.compute ÔÇö averageScore ignores items without score
00:01 +82 -44: C:/Users/Ebisu/Desktop/FP/Proyectos/Myndex/Myndex/test/features/stats/domain/library_stats_test.dart: LibraryStats.compute ÔÇö topRated sorted descending by score
00:01 +83 -44: C:/Users/Ebisu/Desktop/FP/Proyectos/Myndex/Myndex/test/features/stats/domain/library_stats_test.dart: LibraryStats.compute ÔÇö topRated max 5 items in topRated
00:01 +84 -44: C:/Users/Ebisu/Desktop/FP/Proyectos/Myndex/Myndex/test/features/stats/domain/library_stats_test.dart: LibraryStats.compute ÔÇö topRated excludes items without score
00:01 +85 -44: C:/Users/Ebisu/Desktop/FP/Proyectos/Myndex/Myndex/test/features/stats/domain/library_stats_test.dart: LibraryStats.compute ÔÇö topRated empty when no scored items
flutter : ../../../../../AppData/Local/Pub/Cache/hosted/pub.dev/drift_flutt
er-0.2.0/lib/src/native.dart:61:42: Error: No named parameter with the 
name 'connectTimeout'.
En línea: 1 Carácter: 1
+ flutter test 2>&1 | Tee-Object -FilePath test_output.txt
+ ~~~~~~~~~~~~~~~~~
    + CategoryInfo          : NotSpecified: (../../../../../...onnectTimeo 
   ut'.:String) [], RemoteException
    + FullyQualifiedErrorId : NativeCommandError
 
            return await isolate.connect(connectTimeout: connectTimeout);
                                         ^^^^^^^^^^^^^^
../../../../../AppData/Local/Pub/Cache/hosted/pub.dev/drift_flutter-0.2.0/l
ib/src/native.dart:112:7: Error: No named parameter with the name 'port'.
      port: connections,
      ^^^^
../../../../../AppData/Local/Pub/Cache/hosted/pub.dev/drift-2.19.1+1/lib/is
olate.dart:178:11: Context: Found this candidate, but the arguments don't 
match.
  factory DriftIsolate.inCurrent(DatabaseOpener opener,
          ^^^^^^^^^
00:03 +86 -45: loading C:/Users/Ebisu/Desktop/FP/Proyectos/Myndex/Myndex/test/widget_test.dart [E]
  Failed to load "C:/Users/Ebisu/Desktop/FP/Proyectos/Myndex/Myndex/test/widget_test.dart":
  Compilation failed for testPath=C:/Users/Ebisu/Desktop/FP/Proyectos/Myndex/Myndex/test/widget_test.dart: ../../../../../AppData/Local/Pub/Cache/hosted/pub.dev/drift_flutter-0.2.0/lib/src/native.dart:61:42: Error: No named parameter with the name 'connectTimeout'.
              return await isolate.connect(connectTimeout: connectTimeout);
                                           ^^^^^^^^^^^^^^
  ../../../../../AppData/Local/Pub/Cache/hosted/pub.dev/drift_flutter-0.2.0/lib/src/native.dart:112:7: Error: No named parameter with the name 'port'.
        port: connections,
        ^^^^
  ../../../../../AppData/Local/Pub/Cache/hosted/pub.dev/drift-2.19.1+1/lib/isolate.dart:178:11: Context: Found this candidate, but the arguments don't match.
    factory DriftIsolate.inCurrent(DatabaseOpener opener,
            ^^^^^^^^^
  .
00:03 +86 -45: Some tests failed.
